ARM Linker, 5.03 [Build 76] [MDK-ARM Lite]

==============================================================================

Section Cross References

    startup_tm4c123.o(STACK) refers (Special) to heapauxi.o(.text) for __use_two_region_memory
    startup_tm4c123.o(HEAP) refers (Special) to heapauxi.o(.text) for __use_two_region_memory
    startup_tm4c123.o(RESET) refers (Special) to heapauxi.o(.text) for __use_two_region_memory
    startup_tm4c123.o(RESET) refers to startup_tm4c123.o(STACK) for __initial_sp
    startup_tm4c123.o(RESET) refers to startup_tm4c123.o(.text) for Reset_Handler
    startup_tm4c123.o(RESET) refers to int_program.o(.text) for GPIOA_Handler
    startup_tm4c123.o(.text) refers (Special) to heapauxi.o(.text) for __use_two_region_memory
    startup_tm4c123.o(.text) refers to system_tm4c123.o(.text) for SystemInit
    startup_tm4c123.o(.text) refers to __main.o(!!!main) for __main
    startup_tm4c123.o(.text) refers to startup_tm4c123.o(HEAP) for Heap_Mem
    startup_tm4c123.o(.text) refers to startup_tm4c123.o(STACK) for Stack_Mem
    app.o(.text) refers to gpio_program.o(.text) for GPIO_StdErrorInit
    app.o(.text) refers to sw_program.o(.text) for SW_StdErrorInitExternal
    app.o(.text) refers to led_program.o(.text) for LED_voidInitExternalLed
    app.o(.text) refers to clcd_program.o(.text) for CLCD_StdErrorDataPinsInit
    app.o(.text) refers to uart_program.o(.text) for UART_StdErrorInit
    app.o(.text) refers to eeprom_program.o(.text) for EEPROM_STD_ERROR_Init
    app.o(.text) refers to systick_program.o(.text) for Systick_StdErrorDelayIn_ms
    app.o(.text) refers to ddiv.o(x$fpl$ddiv) for __aeabi_ddiv
    app.o(.text) refers to dfix.o(x$fpl$dfix) for __aeabi_d2iz
    app.o(.text) refers to dflt_clz.o(x$fpl$dfltu) for __aeabi_ui2d
    app.o(.text) refers to daddsub_clz.o(x$fpl$drsb) for __aeabi_drsub
    app.o(.text) refers to daddsub_clz.o(x$fpl$dsub) for __aeabi_dsub
    app.o(.text) refers to dfixu.o(x$fpl$dfixu) for __aeabi_d2uiz
    clcd_program.o(.text) refers to gpio_program.o(.text) for GPIO_StdErrorWritePin
    clcd_program.o(.text) refers to systick_program.o(.text) for Systick_StdErrorDelayIn_ms
    clcd_program.o(.text) refers to rt_memclr_w.o(.text) for __aeabi_memclr4
    eeprom_program.o(.text) refers to systick_program.o(.text) for Systick_StdErrorDelayIn_ms
    gps_program.o(.text) refers to ddiv.o(x$fpl$ddiv) for __aeabi_ddiv
    gps_program.o(.text) refers to dfixu.o(x$fpl$dfixu) for __aeabi_d2uiz
    gps_program.o(.text) refers to dflt_clz.o(x$fpl$dfltu) for __aeabi_ui2d
    gps_program.o(.text) refers to daddsub_clz.o(x$fpl$drsb) for __aeabi_drsub
    gps_program.o(.text) refers to daddsub_clz.o(x$fpl$dadd) for __aeabi_dadd
    gps_program.o(.text) refers to dmul.o(x$fpl$dmul) for __aeabi_dmul
    gps_program.o(.text) refers to daddsub_clz.o(x$fpl$dsub) for __aeabi_dsub
    gps_program.o(.text) refers to sin.o(i.__hardfp_sin) for __hardfp_sin
    gps_program.o(.text) refers to cos.o(i.__hardfp_cos) for __hardfp_cos
    gps_program.o(.text) refers to sqrt.o(i.__hardfp_sqrt) for __hardfp_sqrt
    gps_program.o(.text) refers to atan2.o(i.__hardfp_atan2) for __hardfp_atan2
    gps_program.o(.text) refers to uart_program.o(.text) for UART_StdErrorReceiveByte
    gps_program.o(.text) refers to dflt_clz.o(x$fpl$dflt) for __aeabi_i2d
    gps_program.o(.text) refers to strstr.o(.text) for strstr
    gps_program.o(.text) refers to strtok_r.o(.text) for strtok_r
    gps_program.o(.text) refers to basic.o(x$fpl$basic) for __aeabi_dneg
    gps_program.o(.text) refers to dleqf.o(x$fpl$dleqf) for __aeabi_cdcmple
    led_program.o(.text) refers to gpio_program.o(.text) for GPIO_StdErrorInit
    led_program.o(.text) refers to systick_program.o(.text) for Systick_StdErrorDelayIn_ms
    main.o(.text) refers to app.o(.text) for PeripheralsInit
    main.o(.text) refers to clcd_program.o(.text) for CLCD_VoidClearDisplay
    main.o(.text) refers to systick_program.o(.text) for Systick_StdErrorDelayIn_ms
    main.o(.text) refers to sw_program.o(.text) for SW_u8ExternalSWIsPressed
    main.o(.text) refers to strcpy.o(.text) for strcpy
    main.o(.text) refers to gps_program.o(.text) for GPS_stdStatusWaitForValidData
    main.o(.text) refers to dleqf.o(x$fpl$dleqf) for __aeabi_cdcmple
    main.o(.text) refers to dfixu.o(x$fpl$dfixu) for __aeabi_d2uiz
    main.o(.text) refers to led_program.o(.text) for LED_voidTurnOnLed
    main.o(.text) refers to eeprom_program.o(.text) for EEPROM_u32ReadData
    main.o(.text) refers to main.o(.bss) for Local_uart2configuration
    main.o(.text) refers to main.o(.data) for TimeUTC
    sw_program.o(.text) refers to gpio_program.o(.text) for GPIO_StdErrorInit
    sw_program.o(.text) refers to sw_program.o(.constdata) for .constdata
    system_tm4c123.o(.text) refers to system_tm4c123.o(.data) for SystemCoreClock
    uart_program.o(.text) refers to gpio_program.o(.text) for GPIO_StdErrorInit
[...]
    libinit.o(.ARM.Collect$$libinit$$00000000) refers (Special) to libinit2.o(.ARM.Collect$$libinit$$0000002E) for __rt_lib_init_exceptions_1
    libinit.o(.ARM.Collect$$libinit$$00000000) refers (Special) to libinit2.o(.ARM.Collect$$libinit$$00000001) for __rt_lib_init_fp_1
    libinit.o(.ARM.Collect$$libinit$$00000000) refers (Special) to libinit2.o(.ARM.Collect$$libinit$$0000001D) for __rt_lib_init_fp_trap_1
    libinit.o(.ARM.Collect$$libinit$$00000000) refers (Special) to libinit2.o(.ARM.Collect$$libinit$$00000021) for __rt_lib_init_getenv_1
    libinit.o(.ARM.Collect$$libinit$$00000000) refers (Special) to libinit2.o(.ARM.Collect$$libinit$$00000008) for __rt_lib_init_heap_1
    libinit.o(.ARM.Collect$$libinit$$00000000) refers (Special) to libinit2.o(.ARM.Collect$$libinit$$0000000F) for __rt_lib_init_lc_collate_1
    libinit.o(.ARM.Collect$$libinit$$00000000) refers (Special) to libinit2.o(.ARM.Collect$$libinit$$00000011) for __rt_lib_init_lc_ctype_1
    libinit.o(.ARM.Collect$$libinit$$00000000) refers (Special) to libinit2.o(.ARM.Collect$$libinit$$00000013) for __rt_lib_init_lc_monetary_1
    libinit.o(.ARM.Collect$$libinit$$00000000) refers (Special) to libinit2.o(.ARM.Collect$$libinit$$00000015) for __rt_lib_init_lc_numeric_1
    libinit.o(.ARM.Collect$$libinit$$00000000) refers (Special) to libinit2.o(.ARM.Collect$$libinit$$00000017) for __rt_lib_init_lc_time_1
    libinit.o(.ARM.Collect$$libinit$$00000000) refers (Special) to libinit2.o(.ARM.Collect$$libinit$$0000000C) for __rt_lib_init_rand_1
    libinit.o(.ARM.Collect$$libinit$$00000000) refers (Special) to libinit2.o(.ARM.Collect$$libinit$$00000031) for __rt_lib_init_return
    libinit.o(.ARM.Collect$$libinit$$00000000) refers (Special) to libinit2.o(.ARM.Collect$$libinit$$0000001B) for __rt_lib_init_signal_1
    libinit.o(.ARM.Collect$$libinit$$00000000) refers (Special) to libinit2.o(.ARM.Collect$$libinit$$00000023) for __rt_lib_init_stdio_1
    libinit.o(.ARM.Collect$$libinit$$00000000) refers (Special) to libinit2.o(.ARM.Collect$$libinit$$0000000A) for __rt_lib_init_user_alloc_1
    rtexit.o(.ARM.Collect$$rtexit$$00000000) refers (Special) to rtexit2.o(.ARM.Collect$$rtexit$$00000004) for __rt_exit_exit
    rtexit.o(.ARM.Collect$$rtexit$$00000000) refers (Special) to rtexit2.o(.ARM.Collect$$rtexit$$00000003) for __rt_exit_ls
    rtexit.o(.ARM.Collect$$rtexit$$00000000) refers (Special) to rtexit2.o(.ARM.Collect$$rtexit$$00000002) for __rt_exit_prels_1
    rtexit.o(.ARM.exidx) refers (Special) to rtexit2.o(.ARM.Collect$$rtexit$$00000004) for __rt_exit_exit
    rtexit.o(.ARM.exidx) refers (Special) to rtexit2.o(.ARM.Collect$$rtexit$$00000003) for __rt_exit_ls
    rtexit.o(.ARM.exidx) refers (Special) to rtexit2.o(.ARM.Collect$$rtexit$$00000002) for __rt_exit_prels_1
    rtexit.o(.ARM.exidx) refers to rtexit.o(.ARM.Collect$$rtexit$$00000000) for .ARM.Collect$$rtexit$$00000000
    libinit2.o(.ARM.Collect$$libinit$$00000001) refers to fpinit.o(x$fpl$fpinit) for _fp_init
    libinit2.o(.ARM.Collect$$libinit$$0000000E) refers to libinit2.o(.ARM.Collect$$libinit$$0000000D) for .ARM.Collect$$libinit$$0000000D
    libinit2.o(.ARM.Collect$$libinit$$00000010) refers to libinit2.o(.ARM.Collect$$libinit$$0000000D) for .ARM.Collect$$libinit$$0000000D
    libinit2.o(.ARM.Collect$$libinit$$00000012) refers to libinit2.o(.ARM.Collect$$libinit$$0000000D) for .ARM.Collect$$libinit$$0000000D
    libinit2.o(.ARM.Collect$$libinit$$00000014) refers to libinit2.o(.ARM.Collect$$libinit$$0000000D) for .ARM.Collect$$libinit$$0000000D
    libinit2.o(.ARM.Collect$$libinit$$00000016) refers to libinit2.o(.ARM.Collect$$libinit$$0000000D) for .ARM.Collect$$libinit$$0000000D
    libinit2.o(.ARM.Collect$$libinit$$00000024) refers to argv_veneer.o(.emb_text) for __ARM_argv_veneer
    libinit2.o(.ARM.Collect$$libinit$$00000025) refers to argv_veneer.o(.emb_text) for __ARM_argv_veneer
    rtexit2.o(.ARM.Collect$$rtexit$$00000003) refers to libshutdown.o(.ARM.Collect$$libshutdown$$00000000) for __rt_lib_shutdown
    rtexit2.o(.ARM.Collect$$rtexit$$00000004) refers to sys_exit.o(.text) for _sys_exit
    rtexit2.o(.ARM.exidx) refers to rtexit2.o(.ARM.Collect$$rtexit$$00000001) for .ARM.Collect$$rtexit$$00000001
    rtexit2.o(.ARM.exidx) refers to rtexit2.o(.ARM.Collect$$rtexit$$00000003) for .ARM.Collect$$rtexit$$00000003
    rtexit2.o(.ARM.exidx) refers to rtexit2.o(.ARM.Collect$$rtexit$$00000004) for .ARM.Collect$$rtexit$$00000004
    argv_veneer.o(.emb_text) refers to no_argv.o(.text) for __ARM_get_argv
    sys_exit.o(.text) refers (Special) to use_no_semi.o(.text) for __I$use$semihosting
    sys_exit.o(.text) refers (Special) to indicate_semi.o(.text) for __semihosting_library_function
    _get_argv_nomalloc.o(.text) refers (Special) to hrguard.o(.text) for __heap_region$guard
    _get_argv_nomalloc.o(.text) refers to defsig_rtmem_outer.o(.text) for __rt_SIGRTMEM
    _get_argv_nomalloc.o(.text) refers to sys_command.o(.text) for _sys_command_string
    libshutdown.o(.ARM.Collect$$libshutdown$$00000000) refers (Special) to libshutdown2.o(.ARM.Collect$$libshutdown$$00000006) for __rt_lib_shutdown_fp_trap_1
    libshutdown.o(.ARM.Collect$$libshutdown$$00000000) refers (Special) to libshutdown2.o(.ARM.Collect$$libshutdown$$0000000E) for __rt_lib_shutdown_heap_1
    libshutdown.o(.ARM.Collect$$libshutdown$$00000000) refers (Special) to libshutdown2.o(.ARM.Collect$$libshutdown$$0000000F) for __rt_lib_shutdown_return
    libshutdown.o(.ARM.Collect$$libshutdown$$00000000) refers (Special) to libshutdown2.o(.ARM.Collect$$libshutdown$$00000009) for __rt_lib_shutdown_signal_1
    libshutdown.o(.ARM.Collect$$libshutdown$$00000000) refers (Special) to libshutdown2.o(.ARM.Collect$$libshutdown$$00000003) for __rt_lib_shutdown_stdio_1
    libshutdown.o(.ARM.Collect$$libshutdown$$00000000) refers (Special) to libshutdown2.o(.ARM.Collect$$libshutdown$$0000000B) for __rt_lib_shutdown_user_alloc_1
    sys_command.o(.text) refers (Special) to use_no_semi.o(.text) for __I$use$semihosting
    sys_command.o(.text) refers (Special) to indicate_semi.o(.text) for __semihosting_library_function
    defsig_rtmem_outer.o(.text) refers to defsig_rtmem_inner.o(.text) for __rt_SIGRTMEM_inner
    defsig_rtmem_outer.o(.text) refers to defsig_exit.o(.text) for __sig_exit
    defsig_rtmem_formal.o(.text) refers to rt_raise.o(.text) for __rt_raise
    rt_raise.o(.text) refers to __raise.o(.text) for __raise
    rt_raise.o(.text) refers to sys_exit.o(.text) for _sys_exit
    defsig_exit.o(.text) refers to sys_exit.o(.text) for _sys_exit
    defsig_rtmem_inner.o(.text) refers to defsig_general.o(.text) for __default_signal_display
    __raise.o(.text) refers to defsig.o(CL$$defsig) for __default_signal_handler
    defsig_general.o(.text) refers to sys_wrch.o(.text) for _ttywrch
    sys_wrch.o(.text) refers (Special) to use_no_semi.o(.text) for __I$use$semihosting
    sys_wrch.o(.text) refers (Special) to indicate_semi.o(.text) for __semihosting_library_function
    defsig.o(CL$$defsig) refers to defsig_rtmem_inner.o(.text) for __rt_SIGRTMEM_inner
    defsig_abrt_inner.o(.text) refers to defsig_general.o(.text) for __default_signal_display
    defsig_fpe_inner.o(.text) refers to defsig_general.o(.text) for __default_signal_display
    defsig_rtred_inner.o(.text) refers to defsig_general.o(.text) for __default_signal_display
    defsig_stak_inner.o(.text) refers to defsig_general.o(.text) for __default_signal_display
    defsig_pvfn_inner.o(.text) refers to defsig_general.o(.text) for __default_signal_display
    defsig_cppl_inner.o(.text) refers to defsig_general.o(.text) for __default_signal_display
    defsig_segv_inner.o(.text) refers to defsig_general.o(.text) for __default_signal_display
    defsig_other.o(.text) refers to defsig_general.o(.text) for __default_signal_display


==============================================================================

Removing Unused input sections from the image.

    Removing system_tm4c123.o(.rev16_text), (4 bytes).
    Removing system_tm4c123.o(.revsh_text), (4 bytes).

2 unused section(s) (total 8 bytes) removed from the image.

==============================================================================

Image Symbol Table

    Local Symbols

    Symbol Name                              Value     Ov Type        Size  Object(Section)

    RESET                                    0x00000000   Section      620  startup_tm4c123.o(RESET)
    ../clib/angel/boardlib.s                 0x00000000   Number         0  boardinit1.o ABSOLUTE
    ../clib/angel/boardlib.s                 0x00000000   Number         0  boardinit2.o ABSOLUTE
    ../clib/angel/boardlib.s                 0x00000000   Number         0  boardinit3.o ABSOLUTE
    ../clib/angel/boardlib.s                 0x00000000   Number         0  boardshut.o ABSOLUTE
    ../clib/angel/dczerorl2.s                0x00000000   Number         0  __dczerorl2.o ABSOLUTE
    ../clib/angel/handlers.s                 0x00000000   Number         0  __scatter_zi.o ABSOLUTE
    ../clib/angel/kernel.s                   0x00000000   Number         0  rtentry.o ABSOLUTE
    ../clib/angel/kernel.s                   0x00000000   Number         0  rtentry4.o ABSOLUTE
    ../clib/angel/kernel.s                   0x00000000   Number         0  rtexit.o ABSOLUTE
    ../clib/angel/kernel.s                   0x00000000   Number         0  rtexit2.o ABSOLUTE
    ../clib/angel/kernel.s                   0x00000000   Number         0  rtentry2.o ABSOLUTE
    ../clib/angel/rt.s                       0x00000000   Number         0  rt_errno_addr_intlibspace.o ABSOLUTE
    ../clib/angel/rt.s                       0x00000000   Number         0  rt_errno_addr.o ABSOLUTE
    ../clib/angel/rt.s                       0x00000000   Number         0  rt_raise.o ABSOLUTE
    ../clib/angel/scatter.s                  0x00000000   Number         0  __scatter.o ABSOLUTE
    ../clib/angel/startup.s                  0x00000000   Number         0  __main.o ABSOLUTE
    ../clib/angel/sys.s                      0x00000000   Number         0  sys_stackheap_outer.o ABSOLUTE
    ../clib/angel/sys.s                      0x00000000   Number         0  libspace.o ABSOLUTE
    ../clib/angel/sys.s                      0x00000000   Number         0  use_no_semi.o ABSOLUTE
    ../clib/angel/sys.s                      0x00000000   Number         0  indicate_semi.o ABSOLUTE
    ../clib/angel/sysapp.c                   0x00000000   Number         0  sys_exit.o ABSOLUTE
    ../clib/angel/sysapp.c                   0x00000000   Number         0  sys_command.o ABSOLUTE
    ../clib/angel/sysapp.c                   0x00000000   Number         0  sys_wrch.o ABSOLUTE
    ../clib/armsys.c                         0x00000000   Number         0  argv_veneer.o ABSOLUTE
    ../clib/armsys.c                         0x00000000   Number         0  argv_veneer.o ABSOLUTE
    ../clib/armsys.c                         0x00000000   Number         0  _get_argv_nomalloc.o ABSOLUTE
    ../clib/armsys.c                         0x00000000   Number         0  no_argv.o ABSOLUTE
    ../clib/fenv.c                           0x00000000   Number         0  _rserrno.o ABSOLUTE
    ../clib/heapalloc.c                      0x00000000   Number         0  hrguard.o ABSOLUTE
    ../clib/heapaux.c                        0x00000000   Number         0  heapauxi.o ABSOLUTE
    ../clib/libinit.s                        0x00000000   Number         0  libinit2.o ABSOLUTE
    ../clib/libinit.s                        0x00000000   Number         0  libshutdown2.o ABSOLUTE
    ../clib/libinit.s                        0x00000000   Number         0  libshutdown.o ABSOLUTE
    ../clib/libinit.s                        0x00000000   Number         0  libinit.o ABSOLUTE
    ../clib/memcpset.s                       0x00000000   Number         0  rt_memclr_w.o ABSOLUTE
    ../clib/signal.c                         0x00000000   Number         0  defsig_other.o ABSOLUTE
    ../clib/signal.c                         0x00000000   Number         0  defsig_rtmem_inner.o ABSOLUTE
    ../clib/signal.c                         0x00000000   Number         0  defsig_general.o ABSOLUTE
    ../clib/signal.c                         0x00000000   Number         0  defsig_rtmem_outer.o ABSOLUTE
    ../clib/signal.c                         0x00000000   Number         0  __raise.o ABSOLUTE
    ../clib/signal.c                         0x00000000   Number         0  defsig_cppl_inner.o ABSOLUTE
    ../clib/signal.c                         0x00000000   Number         0  defsig_rtred_inner.o ABSOLUTE
    ../clib/signal.c                         0x00000000   Number         0  defsig_abrt_inner.o ABSOLUTE
    ../clib/signal.c                         0x00000000   Number         0  defsig_fpe_inner.o ABSOLUTE
    ../clib/signal.c                         0x00000000   Number         0  defsig_stak_inner.o ABSOLUTE
    ../clib/signal.c                         0x00000000   Number         0  defsig_segv_inner.o ABSOLUTE
    ../clib/signal.c                         0x00000000   Number         0  defsig_rtmem_formal.o ABSOLUTE
    ../clib/signal.c                         0x00000000   Number         0  defsig_exit.o ABSOLUTE
    ../clib/signal.c                         0x00000000   Number         0  defsig_pvfn_inner.o ABSOLUTE
    ../clib/signal.s                         0x00000000   Number         0  defsig.o ABSOLUTE
    ../clib/stdlib.c                         0x00000000   Number         0  exit.o ABSOLUTE
    ../clib/string.c                         0x00000000   Number         0  strcpy.o ABSOLUTE
    ../clib/string.c                         0x00000000   Number         0  strspn.o ABSOLUTE
    ../clib/string.c                         0x00000000   Number         0  strtok_int.o ABSOLUTE
    ../clib/string.c                         0x00000000   Number         0  strtok_r.o ABSOLUTE
    ../clib/string.c                         0x00000000   Number         0  strcspn.o ABSOLUTE
    ../clib/string.c                         0x00000000   Number         0  strstr.o ABSOLUTE
    ../fplib/basic.s                         0x00000000   Number         0  basic.o ABSOLUTE
    ../fplib/d2f.s                           0x00000000   Number         0  d2f.o ABSOLUTE
    ../fplib/daddsub.s                       0x00000000   Number         0  daddsub_clz.o ABSOLUTE
    ../fplib/dcmpi.s                         0x00000000   Number         0  dcmpi.o ABSOLUTE
    ../fplib/ddiv.s                          0x00000000   Number         0  ddiv.o ABSOLUTE
    ../fplib/dfix.s                          0x00000000   Number         0  dfix.o ABSOLUTE
    ../fplib/dfixu.s                         0x00000000   Number         0  dfixu.o ABSOLUTE
    ../fplib/dflt.s                          0x00000000   Number         0  dflt_clz.o ABSOLUTE
    ../fplib/dleqf.s                         0x00000000   Number         0  dleqf.o ABSOLUTE
    ../fplib/dmul.s                          0x00000000   Number         0  dmul.o ABSOLUTE
    ../fplib/dnaninf.s                       0x00000000   Number         0  dnaninf.o ABSOLUTE
    ../fplib/dretinf.s                       0x00000000   Number         0  dretinf.o ABSOLUTE
    ../fplib/dsqrt.s                         0x00000000   Number         0  dsqrt_umaal.o ABSOLUTE
    ../fplib/f2d.s                           0x00000000   Number         0  f2d.o ABSOLUTE
    ../fplib/fnaninf.s                       0x00000000   Number         0  fnaninf.o ABSOLUTE
    ../fplib/fpinit.s                        0x00000000   Number         0  fpinit.o ABSOLUTE
    ../fplib/fretinf.s                       0x00000000   Number         0  fretinf.o ABSOLUTE
    ../fplib/usenofp.s                       0x00000000   Number         0  usenofp.o ABSOLUTE
    ../mathlib/atan.c                        0x00000000   Number         0  atan_x.o ABSOLUTE
    ../mathlib/atan.c                        0x00000000   Number         0  atan.o ABSOLUTE
    ../mathlib/atan2.c                       0x00000000   Number         0  atan2.o ABSOLUTE
    ../mathlib/atan2.c                       0x00000000   Number         0  atan2_x.o ABSOLUTE
    ../mathlib/cos.c                         0x00000000   Number         0  cos.o ABSOLUTE
    ../mathlib/cos.c                         0x00000000   Number         0  cos_x.o ABSOLUTE
    ../mathlib/cos_i.c                       0x00000000   Number         0  cos_i.o ABSOLUTE
    ../mathlib/dunder.c                      0x00000000   Number         0  dunder.o ABSOLUTE
    ../mathlib/fabs.c                        0x00000000   Number         0  fabs.o ABSOLUTE
    ../mathlib/fpclassify.c                  0x00000000   Number         0  fpclassify.o ABSOLUTE
    ../mathlib/poly.c                        0x00000000   Number         0  poly.o ABSOLUTE
    ../mathlib/qnan.c                        0x00000000   Number         0  qnan.o ABSOLUTE
    ../mathlib/rred.c                        0x00000000   Number         0  rred.o ABSOLUTE
    ../mathlib/sin.c                         0x00000000   Number         0  sin.o ABSOLUTE
    ../mathlib/sin.c                         0x00000000   Number         0  sin_x.o ABSOLUTE
    ../mathlib/sin_i.c                       0x00000000   Number         0  sin_i.o ABSOLUTE
    ../mathlib/sin_i.c                       0x00000000   Number         0  sin_i_x.o ABSOLUTE
    ../mathlib/sqrt.c                        0x00000000   Number         0  sqrt_x.o ABSOLUTE
    ../mathlib/sqrt.c                        0x00000000   Number         0  sqrt.o ABSOLUTE
    APP.c                                    0x00000000   Number         0  app.o ABSOLUTE
    CLCD_program.c                           0x00000000   Number         0  clcd_program.o ABSOLUTE
    EEPROM_program.c                         0x00000000   Number         0  eeprom_program.o ABSOLUTE
    GPIO_program.c                           0x00000000   Number         0  gpio_program.o ABSOLUTE
    GPS_program.c                            0x00000000   Number         0  gps_program.o ABSOLUTE
    INT_program.c                            0x00000000   Number         0  int_program.o ABSOLUTE
    LED_program.c                            0x00000000   Number         0  led_program.o ABSOLUTE
    SW_program.c                             0x00000000   Number         0  sw_program.o ABSOLUTE
    SYSTICK_program.c                        0x00000000   Number         0  systick_program.o ABSOLUTE
    UART_program.c                           0x00000000   Number         0  uart_program.o ABSOLUTE
    dc.s                                     0x00000000   Number         0  dc.o ABSOLUTE
    main.c                                   0x00000000   Number         0  main.o ABSOLUTE
    startup_TM4C123.s                        0x00000000   Number         0  startup_tm4c123.o ABSOLUTE
    system_TM4C123.c                         0x00000000   Number         0  system_tm4c123.o ABSOLUTE
    system_TM4C123.c                         0x00000000   Number         0  system_tm4c123.o ABSOLUTE
    !!!main                                  0x0000026c   Section        8  __main.o(!!!main)
    !!!scatter                               0x00000274   Section       52  __scatter.o(!!!scatter)
    !!dczerorl2                              0x000002a8   Section       90  __dczerorl2.o(!!dczerorl2)
    !!handler_zi                             0x00000304   Section       28  __scatter_zi.o(!!handler_zi)
    .ARM.Collect$$libinit$$00000000          0x00000320   Section        2  libinit.o(.ARM.Collect$$libinit$$00000000)
    .ARM.Collect$$libinit$$00000001          0x00000322   Section        4  libinit2.o(.ARM.Collect$$libinit$$00000001)
    .ARM.Collect$$libinit$$00000008          0x00000326   Section        0  libinit2.o(.ARM.Collect$$libinit$$00000008)
    .ARM.Collect$$libinit$$0000000A          0x00000326   Section        0  libinit2.o(.ARM.Collect$$libinit$$0000000A)
    .ARM.Collect$$libinit$$0000000C          0x00000326   Section        0  libinit2.o(.ARM.Collect$$libinit$$0000000C)
    .ARM.Collect$$libinit$$0000000F          0x00000326   Section        0  libinit2.o(.ARM.Collect$$libinit$$0000000F)
    .ARM.Collect$$libinit$$00000011          0x00000326   Section        0  libinit2.o(.ARM.Collect$$libinit$$00000011)
    .ARM.Collect$$libinit$$00000013          0x00000326   Section        0  libinit2.o(.ARM.Collect$$libinit$$00000013)
    .ARM.Collect$$libinit$$00000015          0x00000326   Section        0  libinit2.o(.ARM.Collect$$libinit$$00000015)
    .ARM.Collect$$libinit$$00000017          0x00000326   Section        0  libinit2.o(.ARM.Collect$$libinit$$00000017)
    .ARM.Collect$$libinit$$00000019          0x00000326   Section        0  libinit2.o(.ARM.Collect$$libinit$$00000019)
    .ARM.Collect$$libinit$$0000001B          0x00000326   Section        0  libinit2.o(.ARM.Collect$$libinit$$0000001B)
    .ARM.Collect$$libinit$$0000001D          0x00000326   Section        0  libinit2.o(.ARM.Collect$$libinit$$0000001D)
    .ARM.Collect$$libinit$$0000001F          0x00000326   Section        0  libinit2.o(.ARM.Collect$$libinit$$0000001F)
    .ARM.Collect$$libinit$$00000021          0x00000326   Section        0  libinit2.o(.ARM.Collect$$libinit$$00000021)
    .ARM.Collect$$libinit$$00000023          0x00000326   Section        0  libinit2.o(.ARM.Collect$$libinit$$00000023)
    .ARM.Collect$$libinit$$0000002A          0x00000326   Section        0  libinit2.o(.ARM.Collect$$libinit$$0000002A)
    .ARM.Collect$$libinit$$0000002C          0x00000326   Section        0  libinit2.o(.ARM.Collect$$libinit$$0000002C)
    .ARM.Collect$$libinit$$0000002E          0x00000326   Section        0  libinit2.o(.ARM.Collect$$libinit$$0000002E)
    .ARM.Collect$$libinit$$00000030          0x00000326   Section        0  libinit2.o(.ARM.Collect$$libinit$$00000030)
    .ARM.Collect$$libinit$$00000031          0x00000326   Section        2  libinit2.o(.ARM.Collect$$libinit$$00000031)
    .ARM.Collect$$libshutdown$$00000000      0x00000328   Section        2  libshutdown.o(.ARM.Collect$$libshutdown$$00000000)
    .ARM.Collect$$libshutdown$$00000003      0x0000032a   Section        0  libshutdown2.o(.ARM.Collect$$libshutdown$$00000003)
    .ARM.Collect$$libshutdown$$00000006      0x0000032a   Section        0  libshutdown2.o(.ARM.Collect$$libshutdown$$00000006)
    .ARM.Collect$$libshutdown$$00000009      0x0000032a   Section        0  libshutdown2.o(.ARM.Collect$$libshutdown$$00000009)
    .ARM.Collect$$libshutdown$$0000000B      0x0000032a   Section        0  libshutdown2.o(.ARM.Collect$$libshutdown$$0000000B)
    .ARM.Collect$$libshutdown$$0000000E      0x0000032a   Section        0  libshutdown2.o(.ARM.Collect$$libshutdown$$0000000E)
    .ARM.Collect$$libshutdown$$0000000F      0x0000032a   Section        2  libshutdown2.o(.ARM.Collect$$libshutdown$$0000000F)
    .ARM.Collect$$rtentry$$00000000          0x0000032c   Section        0  rtentry.o(.ARM.Collect$$rtentry$$00000000)
    .ARM.Collect$$rtentry$$00000002          0x0000032c   Section        0  rtentry2.o(.ARM.Collect$$rtentry$$00000002)
    .ARM.Collect$$rtentry$$00000004          0x0000032c   Section        6  rtentry4.o(.ARM.Collect$$rtentry$$00000004)
    .ARM.Collect$$rtentry$$00000009          0x00000332   Section        0  rtentry2.o(.ARM.Collect$$rtentry$$00000009)
    .ARM.Collect$$rtentry$$0000000A          0x00000332   Section        4  rtentry2.o(.ARM.Collect$$rtentry$$0000000A)
    .ARM.Collect$$rtentry$$0000000C          0x00000336   Section        0  rtentry2.o(.ARM.Collect$$rtentry$$0000000C)
    .ARM.Collect$$rtentry$$0000000D          0x00000336   Section        8  rtentry2.o(.ARM.Collect$$rtentry$$0000000D)
    .ARM.Collect$$rtexit$$00000000           0x0000033e   Section        2  rtexit.o(.ARM.Collect$$rtexit$$00000000)
    .ARM.Collect$$rtexit$$00000002           0x00000340   Section        0  rtexit2.o(.ARM.Collect$$rtexit$$00000002)
    .ARM.Collect$$rtexit$$00000003           0x00000340   Section        4  rtexit2.o(.ARM.Collect$$rtexit$$00000003)
    .ARM.Collect$$rtexit$$00000004           0x00000344   Section        6  rtexit2.o(.ARM.Collect$$rtexit$$00000004)
    .text                                    0x0000034c   Section      276  startup_tm4c123.o(.text)
    $v0                                      0x0000034c   Number         0  startup_tm4c123.o(.text)
    .text                                    0x00000460   Section        0  app.o(.text)
    .text                                    0x0000076c   Section        0  clcd_program.o(.text)
    .text                                    0x0000090c   Section        0  eeprom_program.o(.text)
    .text                                    0x00000a94   Section        0  gpio_program.o(.text)
    GPIO_StdErrorPortDigitalEnable           0x00000a95   Thumb Code    66  gpio_program.o(.text)
    GPIO_StdErrorPortCommit                  0x00000ad7   Thumb Code    66  gpio_program.o(.text)
    GPIO_StdErrorPortUnlock                  0x00000b19   Thumb Code    86  gpio_program.o(.text)
    .text                                    0x00001028   Section        0  gps_program.o(.text)
    GPS_stdStatusReadNMEASentence            0x0000135f   Thumb Code    90  gps_program.o(.text)
    .text                                    0x00001730   Section        0  led_program.o(.text)
    .text                                    0x0000183c   Section        0  main.o(.text)
    .text                                    0x00001bb8   Section        0  sw_program.o(.text)
    .text                                    0x00001cb0   Section        0  system_tm4c123.o(.text)
    getOscClk                                0x00001cb1   Thumb Code   182  system_tm4c123.o(.text)
    .text                                    0x00001efc   Section        0  systick_program.o(.text)
    .text                                    0x00001fc8   Section        0  uart_program.o(.text)
    UART_StdErrorRcc                         0x00001fc9   Thumb Code   716  uart_program.o(.text)
    .text                                    0x0000247c   Section        0  int_program.o(.text)
    .text                                    0x00002aa4   Section        0  strtok_r.o(.text)
    .text                                    0x00002aa8   Section        0  strstr.o(.text)
    .text                                    0x00002acc   Section        0  strcpy.o(.text)
    .text                                    0x00002b14   Section       78  rt_memclr_w.o(.text)
    .text                                    0x00002b62   Section        0  heapauxi.o(.text)
    .text                                    0x00002b68   Section        0  _rserrno.o(.text)
    .text                                    0x00002b80   Section        0  strtok_int.o(.text)
    .text                                    0x00002bc4   Section        8  rt_errno_addr_intlibspace.o(.text)
    .text                                    0x00002bcc   Section        0  strcspn.o(.text)
    .text                                    0x00002bec   Section        0  strspn.o(.text)
    .text                                    0x00002c08   Section        8  libspace.o(.text)
    .text                                    0x00002c10   Section       74  sys_stackheap_outer.o(.text)
    .text                                    0x00002c5a   Section        0  exit.o(.text)
    .text                                    0x00002c68   Section        0  sys_exit.o(.text)
    .text                                    0x00002c74   Section        2  use_no_semi.o(.text)
    .text                                    0x00002c76   Section        0  indicate_semi.o(.text)
    i.__ARM_fpclassify                       0x00002c76   Section        0  fpclassify.o(i.__ARM_fpclassify)
    i.__hardfp_atan                          0x00002ca8   Section        0  atan.o(i.__hardfp_atan)
    i.__hardfp_atan2                         0x00002f90   Section        0  atan2.o(i.__hardfp_atan2)
    i.__hardfp_cos                           0x00003170   Section        0  cos.o(i.__hardfp_cos)
    i.__hardfp_sin                           0x00003248   Section        0  sin.o(i.__hardfp_sin)
    i.__hardfp_sqrt                          0x00003320   Section        0  sqrt.o(i.__hardfp_sqrt)
    i.__ieee754_rem_pio2                     0x000033a0   Section        0  rred.o(i.__ieee754_rem_pio2)
    i.__kernel_cos                           0x000037f8   Section        0  cos_i.o(i.__kernel_cos)
    i.__kernel_poly                          0x00003968   Section        0  poly.o(i.__kernel_poly)
    i.__kernel_sin                           0x00003a60   Section        0  sin_i.o(i.__kernel_sin)
    i.__mathlib_dbl_underflow                0x00003b90   Section        0  dunder.o(i.__mathlib_dbl_underflow)
    i.atan                                   0x00003bb0   Section        0  atan.o(i.atan)
    i.fabs                                   0x00003bc0   Section        0  fabs.o(i.fabs)
    x$fpl$basic                              0x00003be0   Section       24  basic.o(x$fpl$basic)
    $v0                                      0x00003be0   Number         0  basic.o(x$fpl$basic)
    x$fpl$d2f                                0x00003bf8   Section       98  d2f.o(x$fpl$d2f)
    $v0                                      0x00003bf8   Number         0  d2f.o(x$fpl$d2f)
    x$fpl$dadd                               0x00003c5c   Section      336  daddsub_clz.o(x$fpl$dadd)
    $v0                                      0x00003c5c   Number         0  daddsub_clz.o(x$fpl$dadd)
    _dadd1                                   0x00003c6d   Thumb Code     0  daddsub_clz.o(x$fpl$dadd)
    x$fpl$dcmpinf                            0x00003dac   Section       24  dcmpi.o(x$fpl$dcmpinf)
    $v0                                      0x00003dac   Number         0  dcmpi.o(x$fpl$dcmpinf)
    x$fpl$ddiv                               0x00003dc4   Section      688  ddiv.o(x$fpl$ddiv)
    $v0                                      0x00003dc4   Number         0  ddiv.o(x$fpl$ddiv)
    ddiv_entry                               0x00003dcb   Thumb Code     0  ddiv.o(x$fpl$ddiv)
    x$fpl$dfix                               0x00004074   Section       94  dfix.o(x$fpl$dfix)
    $v0                                      0x00004074   Number         0  dfix.o(x$fpl$dfix)
    x$fpl$dfixu                              0x000040d4   Section       90  dfixu.o(x$fpl$dfixu)
    $v0                                      0x000040d4   Number         0  dfixu.o(x$fpl$dfixu)
    x$fpl$dflt                               0x0000412e   Section       46  dflt_clz.o(x$fpl$dflt)
    $v0                                      0x0000412e   Number         0  dflt_clz.o(x$fpl$dflt)
    x$fpl$dfltu                              0x0000415c   Section       38  dflt_clz.o(x$fpl$dfltu)
    $v0                                      0x0000415c   Number         0  dflt_clz.o(x$fpl$dfltu)
    x$fpl$dleqf                              0x00004184   Section      120  dleqf.o(x$fpl$dleqf)
    $v0                                      0x00004184   Number         0  dleqf.o(x$fpl$dleqf)
    x$fpl$dmul                               0x000041fc   Section      340  dmul.o(x$fpl$dmul)
    $v0                                      0x000041fc   Number         0  dmul.o(x$fpl$dmul)
    x$fpl$dnaninf                            0x00004350   Section      156  dnaninf.o(x$fpl$dnaninf)
    $v0                                      0x00004350   Number         0  dnaninf.o(x$fpl$dnaninf)
    x$fpl$dretinf                            0x000043ec   Section       12  dretinf.o(x$fpl$dretinf)
    $v0                                      0x000043ec   Number         0  dretinf.o(x$fpl$dretinf)
    x$fpl$drsb                               0x000043f8   Section       22  daddsub_clz.o(x$fpl$drsb)
    $v0                                      0x000043f8   Number         0  daddsub_clz.o(x$fpl$drsb)
    x$fpl$dsqrt                              0x00004410   Section      408  dsqrt_umaal.o(x$fpl$dsqrt)
    $v0                                      0x00004410   Number         0  dsqrt_umaal.o(x$fpl$dsqrt)
    x$fpl$dsub                               0x000045a8   Section      468  daddsub_clz.o(x$fpl$dsub)
    $v0                                      0x000045a8   Number         0  daddsub_clz.o(x$fpl$dsub)
    _dsub1                                   0x000045b9   Thumb Code     0  daddsub_clz.o(x$fpl$dsub)
    x$fpl$f2d                                0x0000477c   Section       86  f2d.o(x$fpl$f2d)
    $v0                                      0x0000477c   Number         0  f2d.o(x$fpl$f2d)
    x$fpl$fnaninf                            0x000047d2   Section      140  fnaninf.o(x$fpl$fnaninf)
    $v0                                      0x000047d2   Number         0  fnaninf.o(x$fpl$fnaninf)
    x$fpl$fpinit                             0x0000485e   Section       10  fpinit.o(x$fpl$fpinit)
    $v0                                      0x0000485e   Number         0  fpinit.o(x$fpl$fpinit)
    x$fpl$fretinf                            0x00004868   Section       10  fretinf.o(x$fpl$fretinf)
    $v0                                      0x00004868   Number         0  fretinf.o(x$fpl$fretinf)
    x$fpl$usenofp                            0x00004872   Section        0  usenofp.o(x$fpl$usenofp)
    .constdata                               0x00004874   Section        7  sw_program.o(.constdata)
    .constdata                               0x00004880   Section      152  atan.o(.constdata)
    atanhi                                   0x00004880   Data          32  atan.o(.constdata)
    atanlo                                   0x000048a0   Data          32  atan.o(.constdata)
    aTodd                                    0x000048c0   Data          40  atan.o(.constdata)
    aTeven                                   0x000048e8   Data          48  atan.o(.constdata)
    .constdata                               0x00004918   Section       48  cos_i.o(.constdata)
    C                                        0x00004918   Data          48  cos_i.o(.constdata)
    .constdata                               0x00004948   Section        8  qnan.o(.constdata)
    .constdata                               0x00004950   Section      200  rred.o(.constdata)
    pio2s                                    0x00004950   Data          48  rred.o(.constdata)
    twooverpi                                0x00004980   Data         152  rred.o(.constdata)
    .constdata                               0x00004a18   Section       40  sin_i.o(.constdata)
    S                                        0x00004a18   Data          40  sin_i.o(.constdata)
    .data                                    0x20000000   Section      497  main.o(.data)
    .data                                    0x200001f4   Section        4  system_tm4c123.o(.data)
    .bss                                     0x200001f8   Section       60  main.o(.bss)
    .bss                                     0x20000234   Section      192  int_program.o(.bss)
    .bss                                     0x200002f4   Section       96  libspace.o(.bss)
    HEAP                                     0x20000358   Section        0  startup_tm4c123.o(HEAP)
    STACK                                    0x20000358   Section      512  startup_tm4c123.o(STACK)
    Heap_Mem                                 0x20000358   Data           0  startup_tm4c123.o(HEAP)
    Stack_Mem                                0x20000358   Data         512  startup_tm4c123.o(STACK)
    __initial_sp                             0x20000558   Data           0  startup_tm4c123.o(STACK)

    Global Symbols

    Symbol Name                              Value     Ov Type        Size  Object(Section)

    BuildAttributes$$THM_ISAv4$E$P$D$K$B$S$7EM$VFPi3$EXTD16$VFPS$VFMA$PE$A:L22UL41UL21$X:L11$S22US41US21$IEEE1$IW$USESV6$~STKCKD$USESV7$~SHL$OTIME$ROPI$IEEEX$EBA8$UX$STANDARDLIB$REQ8$PRES8$EABIv2 0x00000000   Number         0  anon$$obj.o ABSOLUTE
    __ARM_use_no_argv                        0x00000000   Number         0  main.o ABSOLUTE
    __Vectors                                0x00000000   Data           4  startup_tm4c123.o(RESET)
    __ARM_exceptions_init                     - Undefined Weak Reference
    __alloca_initialize                       - Undefined Weak Reference
    __cpp_initialize__aeabi_                  - Undefined Weak Reference
    __cxa_finalize                            - Undefined Weak Reference
    __rt_locale                               - Undefined Weak Reference
    __sigvec_lookup                           - Undefined Weak Reference
    _atexit_init                              - Undefined Weak Reference
    _call_atexit_fns                          - Undefined Weak Reference
    _clock_init                               - Undefined Weak Reference
    _fp_trap_init                             - Undefined Weak Reference
    _fp_trap_shutdown                         - Undefined Weak Reference
    _get_lc_collate                           - Undefined Weak Reference
    _get_lc_ctype                             - Undefined Weak Reference
    _get_lc_monetary                          - Undefined Weak Reference
    _get_lc_numeric                           - Undefined Weak Reference
    _get_lc_time                              - Undefined Weak Reference
    _getenv_init                              - Undefined Weak Reference
    _handle_redirection                       - Undefined Weak Reference
    _init_alloc                               - Undefined Weak Reference
    _init_user_alloc                          - Undefined Weak Reference
    _initio                                   - Undefined Weak Reference
    _rand_init                                - Undefined Weak Reference
    _signal_finish                            - Undefined Weak Reference
    _signal_init                              - Undefined Weak Reference
    _terminate_alloc                          - Undefined Weak Reference
    _terminate_user_alloc                     - Undefined Weak Reference
    _terminateio                              - Undefined Weak Reference
    __Vectors_End                            0x0000026c   Data           0  startup_tm4c123.o(RESET)
    __Vectors_Size                           0x0000026c   Number         0  startup_tm4c123.o ABSOLUTE
    __main                                   0x0000026d   Thumb Code     8  __main.o(!!!main)
    __scatterload                            0x00000275   Thumb Code     0  __scatter.o(!!!scatter)
    __scatterload_rt2                        0x00000275   Thumb Code    44  __scatter.o(!!!scatter)
    __scatterload_rt2_thumb_only             0x00000275   Thumb Code     0  __scatter.o(!!!scatter)
    __scatterload_null                       0x00000283   Thumb Code     0  __scatter.o(!!!scatter)
    __decompress                             0x000002a9   Thumb Code    90  __dczerorl2.o(!!dczerorl2)
    __decompress1                            0x000002a9   Thumb Code     0  __dczerorl2.o(!!dczerorl2)
    __scatterload_zeroinit                   0x00000305   Thumb Code    28  __scatter_zi.o(!!handler_zi)
    __rt_lib_init                            0x00000321   Thumb Code     0  libinit.o(.ARM.Collect$$libinit$$00000000)
    __rt_lib_init_fp_1                       0x00000323   Thumb Code     0  libinit2.o(.ARM.Collect$$libinit$$00000001)
    __rt_lib_init_alloca_1                   0x00000327   Thumb Code     0  libinit2.o(.ARM.Collect$$libinit$$0000002C)
    __rt_lib_init_argv_1                     0x00000327   Thumb Code     0  libinit2.o(.ARM.Collect$$libinit$$0000002A)
    __rt_lib_init_atexit_1                   0x00000327   Thumb Code     0  libinit2.o(.ARM.Collect$$libinit$$00000019)
    __rt_lib_init_clock_1                    0x00000327   Thumb Code     0  libinit2.o(.ARM.Collect$$libinit$$0000001F)
    __rt_lib_init_cpp_1                      0x00000327   Thumb Code     0  libinit2.o(.ARM.Collect$$libinit$$00000030)
    __rt_lib_init_exceptions_1               0x00000327   Thumb Code     0  libinit2.o(.ARM.Collect$$libinit$$0000002E)
    __rt_lib_init_fp_trap_1                  0x00000327   Thumb Code     0  libinit2.o(.ARM.Collect$$libinit$$0000001D)
    __rt_lib_init_getenv_1                   0x00000327   Thumb Code     0  libinit2.o(.ARM.Collect$$libinit$$00000021)
    __rt_lib_init_heap_1                     0x00000327   Thumb Code     0  libinit2.o(.ARM.Collect$$libinit$$00000008)
    __rt_lib_init_lc_collate_1               0x00000327   Thumb Code     0  libinit2.o(.ARM.Collect$$libinit$$0000000F)
    __rt_lib_init_lc_ctype_1                 0x00000327   Thumb Code     0  libinit2.o(.ARM.Collect$$libinit$$00000011)
    __rt_lib_init_lc_monetary_1              0x00000327   Thumb Code     0  libinit2.o(.ARM.Collect$$libinit$$00000013)
    __rt_lib_init_lc_numeric_1               0x00000327   Thumb Code     0  libinit2.o(.ARM.Collect$$libinit$$00000015)
    __rt_lib_init_lc_time_1                  0x00000327   Thumb Code     0  libinit2.o(.ARM.Collect$$libinit$$00000017)
    __rt_lib_init_rand_1                     0x00000327   Thumb Code     0  libinit2.o(.ARM.Collect$$libinit$$0000000C)
    __rt_lib_init_return                     0x00000327   Thumb Code     0  libinit2.o(.ARM.Collect$$libinit$$00000031)
    __rt_lib_init_signal_1                   0x00000327   Thumb Code     0  libinit2.o(.ARM.Collect$$libinit$$0000001B)
    __rt_lib_init_stdio_1                    0x00000327   Thumb Code     0  libinit2.o(.ARM.Collect$$libinit$$00000023)
    __rt_lib_init_user_alloc_1               0x00000327   Thumb Code     0  libinit2.o(.ARM.Collect$$libinit$$0000000A)
    __rt_lib_shutdown                        0x00000329   Thumb Code     0  libshutdown.o(.ARM.Collect$$libshutdown$$00000000)
    __rt_lib_shutdown_fp_trap_1              0x0000032b   Thumb Code     0  libshutdown2.o(.ARM.Collect$$libshutdown$$00000006)
    __rt_lib_shutdown_heap_1                 0x0000032b   Thumb Code     0  libshutdown2.o(.ARM.Collect$$libshutdown$$0000000E)
    __rt_lib_shutdown_return                 0x0000032b   Thumb Code     0  libshutdown2.o(.ARM.Collect$$libshutdown$$0000000F)
    __rt_lib_shutdown_signal_1               0x0000032b   Thumb Code     0  libshutdown2.o(.ARM.Collect$$libshutdown$$00000009)
    __rt_lib_shutdown_stdio_1                0x0000032b   Thumb Code     0  libshutdown2.o(.ARM.Collect$$libshutdown$$00000003)
    __rt_lib_shutdown_user_alloc_1           0x0000032b   Thumb Code     0  libshutdown2.o(.ARM.Collect$$libshutdown$$0000000B)
    __rt_entry                               0x0000032d   Thumb Code     0  rtentry.o(.ARM.Collect$$rtentry$$00000000)
    __rt_entry_presh_1                       0x0000032d   Thumb Code     0  rtentry2.o(.ARM.Collect$$rtentry$$00000002)
    __rt_entry_sh                            0x0000032d   Thumb Code     0  rtentry4.o(.ARM.Collect$$rtentry$$00000004)
    __rt_entry_li                            0x00000333   Thumb Code     0  rtentry2.o(.ARM.Collect$$rtentry$$0000000A)
    __rt_entry_postsh_1                      0x00000333   Thumb Code     0  rtentry2.o(.ARM.Collect$$rtentry$$00000009)
    __rt_entry_main                          0x00000337   Thumb Code     0  rtentry2.o(.ARM.Collect$$rtentry$$0000000D)
    __rt_entry_postli_1                      0x00000337   Thumb Code     0  rtentry2.o(.ARM.Collect$$rtentry$$0000000C)
    __rt_exit                                0x0000033f   Thumb Code     0  rtexit.o(.ARM.Collect$$rtexit$$00000000)
    __rt_exit_ls                             0x00000341   Thumb Code     0  rtexit2.o(.ARM.Collect$$rtexit$$00000003)
    __rt_exit_prels_1                        0x00000341   Thumb Code     0  rtexit2.o(.ARM.Collect$$rtexit$$00000002)
    __rt_exit_exit                           0x00000345   Thumb Code     0  rtexit2.o(.ARM.Collect$$rtexit$$00000004)
    Reset_Handler                            0x0000034d   Thumb Code     8  startup_tm4c123.o(.text)
    NMI_Handler                              0x00000355   Thumb Code     2  startup_tm4c123.o(.text)
    HardFault_Handler                        0x00000357   Thumb Code     2  startup_tm4c123.o(.text)
    MemManage_Handler                        0x00000359   Thumb Code     2  startup_tm4c123.o(.text)
    BusFault_Handler                         0x0000035b   Thumb Code     2  startup_tm4c123.o(.text)
    UsageFault_Handler                       0x0000035d   Thumb Code     2  startup_tm4c123.o(.text)
    SVC_Handler                              0x0000035f   Thumb Code     2  startup_tm4c123.o(.text)
    DebugMon_Handler                         0x00000361   Thumb Code     2  startup_tm4c123.o(.text)
    PendSV_Handler                           0x00000363   Thumb Code     2  startup_tm4c123.o(.text)
    SysTick_Handler                          0x00000365   Thumb Code     2  startup_tm4c123.o(.text)
    UART0_Handler                            0x00000371   Thumb Code     2  startup_tm4c123.o(.text)
    UART1_Handler                            0x00000373   Thumb Code     2  startup_tm4c123.o(.text)
    SSI0_Handler                             0x00000375   Thumb Code     2  startup_tm4c123.o(.text)
    I2C0_Handler                             0x00000377   Thumb Code     2  startup_tm4c123.o(.text)
    PMW0_FAULT_Handler                       0x00000379   Thumb Code     2  startup_tm4c123.o(.text)
    PWM0_0_Handler                           0x0000037b   Thumb Code     2  startup_tm4c123.o(.text)
    PWM0_1_Handler                           0x0000037d   Thumb Code     2  startup_tm4c123.o(.text)
    PWM0_2_Handler                           0x0000037f   Thumb Code     2  startup_tm4c123.o(.text)
    QEI0_Handler                             0x00000381   Thumb Code     2  startup_tm4c123.o(.text)
    ADC0SS0_Handler                          0x00000383   Thumb Code     2  startup_tm4c123.o(.text)
    ADC0SS1_Handler                          0x00000385   Thumb Code     2  startup_tm4c123.o(.text)
    ADC0SS2_Handler                          0x00000387   Thumb Code     2  startup_tm4c123.o(.text)
    ADC0SS3_Handler                          0x00000389   Thumb Code     2  startup_tm4c123.o(.text)
    WDT0_Handler                             0x0000038b   Thumb Code     2  startup_tm4c123.o(.text)
    TIMER0A_Handler                          0x0000038d   Thumb Code     2  startup_tm4c123.o(.text)
    TIMER0B_Handler                          0x0000038f   Thumb Code     2  startup_tm4c123.o(.text)
    TIMER1A_Handler                          0x00000391   Thumb Code     2  startup_tm4c123.o(.text)
    TIMER1B_Handler                          0x00000393   Thumb Code     2  startup_tm4c123.o(.text)
    TIMER2A_Handler                          0x00000395   Thumb Code     2  startup_tm4c123.o(.text)
    TIMER2B_Handler                          0x00000397   Thumb Code     2  startup_tm4c123.o(.text)
    COMP0_Handler                            0x00000399   Thumb Code     2  startup_tm4c123.o(.text)
    COMP1_Handler                            0x0000039b   Thumb Code     2  startup_tm4c123.o(.text)
    COMP2_Handler                            0x0000039d   Thumb Code     2  startup_tm4c123.o(.text)
    SYSCTL_Handler                           0x0000039f   Thumb Code     2  startup_tm4c123.o(.text)
    FLASH_Handler                            0x000003a1   Thumb Code     2  startup_tm4c123.o(.text)
    GPIOG_Handler                            0x000003a5   Thumb Code     2  startup_tm4c123.o(.text)
    GPIOH_Handler                            0x000003a7   Thumb Code     2  startup_tm4c123.o(.text)
    UART2_Handler                            0x000003a9   Thumb Code     2  startup_tm4c123.o(.text)
    SSI1_Handler                             0x000003ab   Thumb Code     2  startup_tm4c123.o(.text)
    TIMER3A_Handler                          0x000003ad   Thumb Code     2  startup_tm4c123.o(.text)
    TIMER3B_Handler                          0x000003af   Thumb Code     2  startup_tm4c123.o(.text)
    I2C1_Handler                             0x000003b1   Thumb Code     2  startup_tm4c123.o(.text)
    QEI1_Handler                             0x000003b3   Thumb Code     2  startup_tm4c123.o(.text)
    CAN0_Handler                             0x000003b5   Thumb Code     2  startup_tm4c123.o(.text)
    CAN1_Handler                             0x000003b7   Thumb Code     2  startup_tm4c123.o(.text)
    CAN2_Handler                             0x000003b9   Thumb Code     2  startup_tm4c123.o(.text)
    HIB_Handler                              0x000003bb   Thumb Code     2  startup_tm4c123.o(.text)
    USB0_Handler                             0x000003bd   Thumb Code     2  startup_tm4c123.o(.text)
    PWM0_3_Handler                           0x000003bf   Thumb Code     2  startup_tm4c123.o(.text)
    UDMA_Handler                             0x000003c1   Thumb Code     2  startup_tm4c123.o(.text)
    UDMAERR_Handler                          0x000003c3   Thumb Code     2  startup_tm4c123.o(.text)
    ADC1SS0_Handler                          0x000003c5   Thumb Code     2  startup_tm4c123.o(.text)
    ADC1SS1_Handler                          0x000003c7   Thumb Code     2  startup_tm4c123.o(.text)
    ADC1SS2_Handler                          0x000003c9   Thumb Code     2  startup_tm4c123.o(.text)
    ADC1SS3_Handler                          0x000003cb   Thumb Code     2  startup_tm4c123.o(.text)
    GPIOJ_Handler                            0x000003cd   Thumb Code     2  startup_tm4c123.o(.text)
    GPIOK_Handler                            0x000003cf   Thumb Code     2  startup_tm4c123.o(.text)
    GPIOL_Handler                            0x000003d1   Thumb Code     2  startup_tm4c123.o(.text)
    SSI2_Handler                             0x000003d3   Thumb Code     2  startup_tm4c123.o(.text)
    SSI3_Handler                             0x000003d5   Thumb Code     2  startup_tm4c123.o(.text)
    UART3_Handler                            0x000003d7   Thumb Code     2  startup_tm4c123.o(.text)
    UART4_Handler                            0x000003d9   Thumb Code     2  startup_tm4c123.o(.text)
    UART5_Handler                            0x000003db   Thumb Code     2  startup_tm4c123.o(.text)
    UART6_Handler                            0x000003dd   Thumb Code     2  startup_tm4c123.o(.text)
    UART7_Handler                            0x000003df   Thumb Code     2  startup_tm4c123.o(.text)
    I2C2_Handler                             0x000003e1   Thumb Code     2  startup_tm4c123.o(.text)
    I2C3_Handler                             0x000003e3   Thumb Code     2  startup_tm4c123.o(.text)
    TIMER4A_Handler                          0x000003e5   Thumb Code     2  startup_tm4c123.o(.text)
    TIMER4B_Handler                          0x000003e7   Thumb Code     2  startup_tm4c123.o(.text)
    TIMER5A_Handler                          0x000003e9   Thumb Code     2  startup_tm4c123.o(.text)
    TIMER5B_Handler                          0x000003eb   Thumb Code     2  startup_tm4c123.o(.text)
    WTIMER0A_Handler                         0x000003ed   Thumb Code     2  startup_tm4c123.o(.text)
    WTIMER0B_Handler                         0x000003ef   Thumb Code     2  startup_tm4c123.o(.text)
    WTIMER1A_Handler                         0x000003f1   Thumb Code     2  startup_tm4c123.o(.text)
    WTIMER1B_Handler                         0x000003f3   Thumb Code     2  startup_tm4c123.o(.text)
    WTIMER2A_Handler                         0x000003f5   Thumb Code     2  startup_tm4c123.o(.text)
    WTIMER2B_Handler                         0x000003f7   Thumb Code     2  startup_tm4c123.o(.text)
    WTIMER3A_Handler                         0x000003f9   Thumb Code     2  startup_tm4c123.o(.text)
    WTIMER3B_Handler                         0x000003fb   Thumb Code     2  startup_tm4c123.o(.text)
    WTIMER4A_Handler                         0x000003fd   Thumb Code     2  startup_tm4c123.o(.text)
    WTIMER4B_Handler                         0x000003ff   Thumb Code     2  startup_tm4c123.o(.text)
    WTIMER5A_Handler                         0x00000401   Thumb Code     2  startup_tm4c123.o(.text)
    WTIMER5B_Handler                         0x00000403   Thumb Code     2  startup_tm4c123.o(.text)
    FPU_Handler                              0x00000405   Thumb Code     2  startup_tm4c123.o(.text)
    I2C4_Handler                             0x00000407   Thumb Code     2  startup_tm4c123.o(.text)
    I2C5_Handler                             0x00000409   Thumb Code     2  startup_tm4c123.o(.text)
    GPIOM_Handler                            0x0000040b   Thumb Code     2  startup_tm4c123.o(.text)
    GPION_Handler                            0x0000040d   Thumb Code     2  startup_tm4c123.o(.text)
    QEI2_Handler                             0x0000040f   Thumb Code     2  startup_tm4c123.o(.text)
    GPIOP0_Handler                           0x00000411   Thumb Code     2  startup_tm4c123.o(.text)
    GPIOP1_Handler                           0x00000413   Thumb Code     2  startup_tm4c123.o(.text)
    GPIOP2_Handler                           0x00000415   Thumb Code     2  startup_tm4c123.o(.text)
    GPIOP3_Handler                           0x00000417   Thumb Code     2  startup_tm4c123.o(.text)
    GPIOP4_Handler                           0x00000419   Thumb Code     2  startup_tm4c123.o(.text)
    GPIOP5_Handler                           0x0000041b   Thumb Code     2  startup_tm4c123.o(.text)
    GPIOP6_Handler                           0x0000041d   Thumb Code     2  startup_tm4c123.o(.text)
    GPIOP7_Handler                           0x0000041f   Thumb Code     2  startup_tm4c123.o(.text)
    GPIOQ0_Handler                           0x00000421   Thumb Code     2  startup_tm4c123.o(.text)
    GPIOQ1_Handler                           0x00000423   Thumb Code     2  startup_tm4c123.o(.text)
    GPIOQ2_Handler                           0x00000425   Thumb Code     2  startup_tm4c123.o(.text)
    GPIOQ3_Handler                           0x00000427   Thumb Code     2  startup_tm4c123.o(.text)
    GPIOQ4_Handler                           0x00000429   Thumb Code     2  startup_tm4c123.o(.text)
    GPIOQ5_Handler                           0x0000042b   Thumb Code     2  startup_tm4c123.o(.text)
    GPIOQ6_Handler                           0x0000042d   Thumb Code     2  startup_tm4c123.o(.text)
    GPIOQ7_Handler                           0x0000042f   Thumb Code     2  startup_tm4c123.o(.text)
    GPIOR_Handler                            0x00000431   Thumb Code     2  startup_tm4c123.o(.text)
    GPIOS_Handler                            0x00000433   Thumb Code     2  startup_tm4c123.o(.text)
    PMW1_0_Handler                           0x00000435   Thumb Code     2  startup_tm4c123.o(.text)
    PWM1_1_Handler                           0x00000437   Thumb Code     2  startup_tm4c123.o(.text)
    PWM1_2_Handler                           0x00000439   Thumb Code     2  startup_tm4c123.o(.text)
    PWM1_3_Handler                           0x0000043b   Thumb Code     2  startup_tm4c123.o(.text)
    PWM1_FAULT_Handler                       0x0000043d   Thumb Code     2  startup_tm4c123.o(.text)
    __user_initial_stackheap                 0x00000441   Thumb Code     0  startup_tm4c123.o(.text)
    PeripheralsInit                          0x00000461   Thumb Code   114  app.o(.text)
    BuzzerTrigger                            0x000004d3   Thumb Code   212  app.o(.text)
    TurnOffAllLeds                           0x000005a7   Thumb Code    28  app.o(.text)
    EEPROM_TimesVisitedIncrement             0x000005c3   Thumb Code    26  app.o(.text)
    ConvertUTCtoLocalTime                    0x000005dd   Thumb Code   346  app.o(.text)
    StringCopy                               0x00000737   Thumb Code    32  app.o(.text)
    CLCD_StdErrorDataPinssendCommand         0x0000076d   Thumb Code    72  clcd_program.o(.text)
    CLCD_StdErrorDataPinsInit                0x000007b5   Thumb Code    96  clcd_program.o(.text)
    CLCD_StdErrorSendData                    0x00000815   Thumb Code    72  clcd_program.o(.text)
    CLCD_VoidDataSendString                  0x0000085d   Thumb Code    26  clcd_program.o(.text)
    CLCD_VoidDataSetCursor                   0x00000877   Thumb Code    42  clcd_program.o(.text)
    CLCD_VoidClearDisplay                    0x000008a1   Thumb Code    16  clcd_program.o(.text)
    CLCD_VoidSendNum                         0x000008b1   Thumb Code    90  clcd_program.o(.text)
    EEPROM_voidSoftwareReset                 0x0000090d   Thumb Code    40  eeprom_program.o(.text)
    EEPROM_voidFixError                      0x00000935   Thumb Code    62  eeprom_program.o(.text)
    EEPROM_STD_ERROR_Init                    0x00000973   Thumb Code   114  eeprom_program.o(.text)
    EEPROM_voidConfigBlockOffset             0x000009e5   Thumb Code    14  eeprom_program.o(.text)
    EEPROM_u32ReadData                       0x000009f3   Thumb Code    32  eeprom_program.o(.text)
    EEPROM_STD_ERROR_WriteData               0x00000a13   Thumb Code    48  eeprom_program.o(.text)
    EEPROM_STD_ERROR_MassEraseData           0x00000a43   Thumb Code    62  eeprom_program.o(.text)
    GPIO_StdErrorInit                        0x00000b6f   Thumb Code   134  gpio_program.o(.text)
    GPIO_StdErrorSetPinDir                   0x00000bf5   Thumb Code   114  gpio_program.o(.text)
    GPIO_StdErrorSetPortDir                  0x00000c67   Thumb Code    66  gpio_program.o(.text)
    GPIO_StdErrorWritePin                    0x00000ca9   Thumb Code   106  gpio_program.o(.text)
    GPIO_StdErrorReadPin                     0x00000d13   Thumb Code    84  gpio_program.o(.text)
    GPIO_StdErrorWritePort                   0x00000d67   Thumb Code    64  gpio_program.o(.text)
    GPIO_StdErrorReadPort                    0x00000da7   Thumb Code    70  gpio_program.o(.text)
    GPIO_StdErrorSetPinAlternateFunction     0x00000ded   Thumb Code   196  gpio_program.o(.text)
    GPIO_StdErrorPinAnalogModeSelect         0x00000eb1   Thumb Code   110  gpio_program.o(.text)
    GPIO_StdErrorSetPinPadConfig             0x00000f1f   Thumb Code   246  gpio_program.o(.text)
    GPS_ConvertToDecimalDegrees              0x00001029   Thumb Code   166  gps_program.o(.text)
    GPS_f64ToRadians                         0x000010cf   Thumb Code    40  gps_program.o(.text)
    GPS_f64GetDistance_ArgInDegrees          0x000010f7   Thumb Code   616  gps_program.o(.text)
    GPS_CustomStringToFloat                  0x000013b9   Thumb Code   334  gps_program.o(.text)
    GPS_stdStatusGetLocation                 0x00001507   Thumb Code   368  gps_program.o(.text)
    GPS_stdStatusWaitForValidData            0x00001677   Thumb Code    56  gps_program.o(.text)
    GPS_IsWithinRadius                       0x000016af   Thumb Code   116  gps_program.o(.text)
    LED_VoidInitInternalLeds                 0x00001731   Thumb Code    70  led_program.o(.text)
    LED_StdErrorSetInternalLedValue          0x00001777   Thumb Code    72  led_program.o(.text)
    LED_voidInitExternalLed                  0x000017bf   Thumb Code    34  led_program.o(.text)
    LED_voidTurnOnLed                        0x000017e1   Thumb Code    18  led_program.o(.text)
    LED_voidTurnOffLed                       0x000017f3   Thumb Code    18  led_program.o(.text)
    LED_voidToggleExternalLed                0x00001805   Thumb Code    54  led_program.o(.text)
    main                                     0x0000183d   Thumb Code   552  main.o(.text)
    TimeVisitedReport                        0x00001a65   Thumb Code   144  main.o(.text)
    SW_StdErrorInitInternal                  0x00001bb9   Thumb Code    98  sw_program.o(.text)
    SW_u8InternalSWIsPressed                 0x00001c1b   Thumb Code    28  sw_program.o(.text)
    SW_StdErrorInitExternal                  0x00001c37   Thumb Code    88  sw_program.o(.text)
    SW_u8ExternalSWIsPressed                 0x00001c8f   Thumb Code    30  sw_program.o(.text)
    SystemCoreClockUpdate                    0x00001d67   Thumb Code   182  system_tm4c123.o(.text)
    SystemInit                               0x00001e1d   Thumb Code   112  system_tm4c123.o(.text)
    Systick_StdErrorDelayInTicks             0x00001efd   Thumb Code    42  systick_program.o(.text)
    Systick_StdErrorDelayIn_ms               0x00001f27   Thumb Code    46  systick_program.o(.text)
    Systick_VoidReset                        0x00001f55   Thumb Code    24  systick_program.o(.text)
    Systick_u32GetRemainingCounts            0x00001f6d   Thumb Code     8  systick_program.o(.text)
    Systick_StdErrorDelayIn_us               0x00001f75   Thumb Code    76  systick_program.o(.text)
    UART_StdErrorInit                        0x00002295   Thumb Code   438  uart_program.o(.text)
    UART_StdErrorSendByte                    0x0000244b   Thumb Code    24  uart_program.o(.text)
    UART_StdErrorReceiveByte                 0x00002463   Thumb Code    26  uart_program.o(.text)
    GPIO_stdErrorGetInterruptStatus          0x0000247d   Thumb Code    90  int_program.o(.text)
    GPIO_stdErrorSetInterruptClear           0x000024d7   Thumb Code   112  int_program.o(.text)
    GPIO_stdErrorSetInterruptSense           0x00002547   Thumb Code   112  int_program.o(.text)
    GPIO_stdErrorSetInterruptBothEdges       0x000025b7   Thumb Code   112  int_program.o(.text)
    GPIO_stdErrorSetInterruptEvent           0x00002627   Thumb Code   112  int_program.o(.text)
    GPIO_stdErrorSetInterruptMask            0x00002697   Thumb Code    74  int_program.o(.text)
    NVIC_EnableIRQ                           0x000026e1   Thumb Code    26  int_program.o(.text)
    NVIC_DisableIRQ                          0x000026fb   Thumb Code    26  int_program.o(.text)
    INT_voidPORTA_Enable                     0x00002715   Thumb Code    70  int_program.o(.text)
    INT_voidPORTB_Enable                     0x0000275b   Thumb Code    70  int_program.o(.text)
    INT_voidPORTC_Enable                     0x000027a1   Thumb Code    70  int_program.o(.text)
    INT_voidPORTD_Enable                     0x000027e7   Thumb Code    70  int_program.o(.text)
    INT_voidPORTE_Enable                     0x0000282d   Thumb Code    70  int_program.o(.text)
    INT_voidPORTF_Enable                     0x00002873   Thumb Code    98  int_program.o(.text)
    INT_voidGPIO_Disable                     0x000028d5   Thumb Code    70  int_program.o(.text)
    INT_voidGPIO_DisableGlobal               0x0000291b   Thumb Code     4  int_program.o(.text)
    INT_voidFunc                             0x0000291f   Thumb Code    66  int_program.o(.text)
    GPIOA_Handler                            0x00002961   Thumb Code    50  int_program.o(.text)
    GPIOB_Handler                            0x00002993   Thumb Code    50  int_program.o(.text)
    GPIOC_Handler                            0x000029c5   Thumb Code    50  int_program.o(.text)
    GPIOD_Handler                            0x000029f7   Thumb Code    50  int_program.o(.text)
    GPIOE_Handler                            0x00002a29   Thumb Code    50  int_program.o(.text)
    GPIOF_Handler                            0x00002a5b   Thumb Code    50  int_program.o(.text)
    _strtok_r                                0x00002aa5   Thumb Code     4  strtok_r.o(.text)
    strtok_r                                 0x00002aa5   Thumb Code     0  strtok_r.o(.text)
    strstr                                   0x00002aa9   Thumb Code    36  strstr.o(.text)
    strcpy                                   0x00002acd   Thumb Code    72  strcpy.o(.text)
    __aeabi_memclr4                          0x00002b15   Thumb Code     0  rt_memclr_w.o(.text)
    __aeabi_memclr8                          0x00002b15   Thumb Code     0  rt_memclr_w.o(.text)
    __rt_memclr_w                            0x00002b15   Thumb Code    78  rt_memclr_w.o(.text)
    _memset_w                                0x00002b19   Thumb Code     0  rt_memclr_w.o(.text)
    __use_two_region_memory                  0x00002b63   Thumb Code     2  heapauxi.o(.text)
    __rt_heap_escrow$2region                 0x00002b65   Thumb Code     2  heapauxi.o(.text)
    __rt_heap_expand$2region                 0x00002b67   Thumb Code     2  heapauxi.o(.text)
    __read_errno                             0x00002b69   Thumb Code    10  _rserrno.o(.text)
    __set_errno                              0x00002b73   Thumb Code    12  _rserrno.o(.text)
    __strtok_internal                        0x00002b81   Thumb Code    64  strtok_int.o(.text)
    __aeabi_errno_addr                       0x00002bc5   Thumb Code     8  rt_errno_addr_intlibspace.o(.text)
    __errno$intlibspace                      0x00002bc5   Thumb Code     0  rt_errno_addr_intlibspace.o(.text)
    __rt_errno_addr$intlibspace              0x00002bc5   Thumb Code     0  rt_errno_addr_intlibspace.o(.text)
    strcspn                                  0x00002bcd   Thumb Code    32  strcspn.o(.text)
    strspn                                   0x00002bed   Thumb Code    28  strspn.o(.text)
    __user_libspace                          0x00002c09   Thumb Code     8  libspace.o(.text)
    __user_perproc_libspace                  0x00002c09   Thumb Code     0  libspace.o(.text)
    __user_perthread_libspace                0x00002c09   Thumb Code     0  libspace.o(.text)
    __user_setup_stackheap                   0x00002c11   Thumb Code    74  sys_stackheap_outer.o(.text)
    exit                                     0x00002c5b   Thumb Code    12  exit.o(.text)
    _sys_exit                                0x00002c69   Thumb Code     8  sys_exit.o(.text)
    __I$use$semihosting                      0x00002c75   Thumb Code     0  use_no_semi.o(.text)
    __use_no_semihosting_swi                 0x00002c75   Thumb Code     2  use_no_semi.o(.text)
    __ARM_fpclassify                         0x00002c77   Thumb Code    48  fpclassify.o(i.__ARM_fpclassify)
    __semihosting_library_function           0x00002c77   Thumb Code     0  indicate_semi.o(.text)
    __hardfp_atan                            0x00002ca9   Thumb Code   636  atan.o(i.__hardfp_atan)
    __hardfp_atan2                           0x00002f91   Thumb Code   416  atan2.o(i.__hardfp_atan2)
    __hardfp_cos                             0x00003171   Thumb Code   200  cos.o(i.__hardfp_cos)
    __hardfp_sin                             0x00003249   Thumb Code   200  sin.o(i.__hardfp_sin)
    __hardfp_sqrt                            0x00003321   Thumb Code   122  sqrt.o(i.__hardfp_sqrt)
    __ieee754_rem_pio2                       0x000033a1   Thumb Code   972  rred.o(i.__ieee754_rem_pio2)
    __kernel_cos                             0x000037f9   Thumb Code   322  cos_i.o(i.__kernel_cos)
    __kernel_poly                            0x00003969   Thumb Code   248  poly.o(i.__kernel_poly)
    __kernel_sin                             0x00003a61   Thumb Code   280  sin_i.o(i.__kernel_sin)
    __mathlib_dbl_underflow                  0x00003b91   Thumb Code    24  dunder.o(i.__mathlib_dbl_underflow)
    atan                                     0x00003bb1   Thumb Code    16  atan.o(i.atan)
    fabs                                     0x00003bc1   Thumb Code    32  fabs.o(i.fabs)
    __aeabi_dneg                             0x00003be1   Thumb Code     0  basic.o(x$fpl$basic)
    _dneg                                    0x00003be1   Thumb Code     6  basic.o(x$fpl$basic)
    __aeabi_fneg                             0x00003be7   Thumb Code     0  basic.o(x$fpl$basic)
    _fneg                                    0x00003be7   Thumb Code     6  basic.o(x$fpl$basic)
    _dabs                                    0x00003bed   Thumb Code     6  basic.o(x$fpl$basic)
    _fabs                                    0x00003bf3   Thumb Code     6  basic.o(x$fpl$basic)
    __aeabi_d2f                              0x00003bf9   Thumb Code     0  d2f.o(x$fpl$d2f)
    _d2f                                     0x00003bf9   Thumb Code    98  d2f.o(x$fpl$d2f)
    __aeabi_dadd                             0x00003c5d   Thumb Code     0  daddsub_clz.o(x$fpl$dadd)
    _dadd                                    0x00003c5d   Thumb Code   332  daddsub_clz.o(x$fpl$dadd)
    __fpl_dcmp_Inf                           0x00003dad   Thumb Code    24  dcmpi.o(x$fpl$dcmpinf)
    __aeabi_ddiv                             0x00003dc5   Thumb Code     0  ddiv.o(x$fpl$ddiv)
    _ddiv                                    0x00003dc5   Thumb Code   552  ddiv.o(x$fpl$ddiv)
    __aeabi_d2iz                             0x00004075   Thumb Code     0  dfix.o(x$fpl$dfix)
    _dfix                                    0x00004075   Thumb Code    94  dfix.o(x$fpl$dfix)
    __aeabi_d2uiz                            0x000040d5   Thumb Code     0  dfixu.o(x$fpl$dfixu)
    _dfixu                                   0x000040d5   Thumb Code    90  dfixu.o(x$fpl$dfixu)
    __aeabi_i2d                              0x0000412f   Thumb Code     0  dflt_clz.o(x$fpl$dflt)
    _dflt                                    0x0000412f   Thumb Code    46  dflt_clz.o(x$fpl$dflt)
    __aeabi_ui2d                             0x0000415d   Thumb Code     0  dflt_clz.o(x$fpl$dfltu)
    _dfltu                                   0x0000415d   Thumb Code    38  dflt_clz.o(x$fpl$dfltu)
    __aeabi_cdcmple                          0x00004185   Thumb Code     0  dleqf.o(x$fpl$dleqf)
    _dcmple                                  0x00004185   Thumb Code   120  dleqf.o(x$fpl$dleqf)
    __fpl_dcmple_InfNaN                      0x000041e7   Thumb Code     0  dleqf.o(x$fpl$dleqf)
    __aeabi_dmul                             0x000041fd   Thumb Code     0  dmul.o(x$fpl$dmul)
    _dmul                                    0x000041fd   Thumb Code   332  dmul.o(x$fpl$dmul)
    __fpl_dnaninf                            0x00004351   Thumb Code   156  dnaninf.o(x$fpl$dnaninf)
    __fpl_dretinf                            0x000043ed   Thumb Code    12  dretinf.o(x$fpl$dretinf)
    __aeabi_drsub                            0x000043f9   Thumb Code     0  daddsub_clz.o(x$fpl$drsb)
    _drsb                                    0x000043f9   Thumb Code    22  daddsub_clz.o(x$fpl$drsb)
    _dsqrt                                   0x00004411   Thumb Code   404  dsqrt_umaal.o(x$fpl$dsqrt)
    __aeabi_dsub                             0x000045a9   Thumb Code     0  daddsub_clz.o(x$fpl$dsub)
    _dsub                                    0x000045a9   Thumb Code   464  daddsub_clz.o(x$fpl$dsub)
    __aeabi_f2d                              0x0000477d   Thumb Code     0  f2d.o(x$fpl$f2d)
    _f2d                                     0x0000477d   Thumb Code    86  f2d.o(x$fpl$f2d)
    __fpl_fnaninf                            0x000047d3   Thumb Code   140  fnaninf.o(x$fpl$fnaninf)
    _fp_init                                 0x0000485f   Thumb Code    10  fpinit.o(x$fpl$fpinit)
    __fplib_config_fpu_vfp                   0x00004867   Thumb Code     0  fpinit.o(x$fpl$fpinit)
    __fplib_config_pureend_doubles           0x00004867   Thumb Code     0  fpinit.o(x$fpl$fpinit)
    __fpl_fretinf                            0x00004869   Thumb Code    10  fretinf.o(x$fpl$fretinf)
    __I$use$fp                               0x00004872   Number         0  usenofp.o(x$fpl$usenofp)
    __mathlib_zero                           0x00004948   Data           8  qnan.o(.constdata)
    Region$$Table$$Base                      0x00004a40   Number         0  anon$$obj.o(Region$$Table)
    Region$$Table$$Limit                     0x00004a60   Number         0  anon$$obj.o(Region$$Table)
    Database                                 0x20000000   Data         448  main.o(.data)
    Local_GPSLat                             0x200001c0   Data           8  main.o(.data)
    Local_GPSLong                            0x200001c8   Data           8  main.o(.data)
    EEPROM_Addresses                         0x200001d0   Data           4  main.o(.data)
    TimesVisited                             0x200001d4   Data           4  main.o(.data)
    TimeUTC                                  0x200001d8   Data           8  main.o(.data)
    TimeNow                                  0x200001e0   Data           8  main.o(.data)
    location                                 0x200001e8   Data           4  main.o(.data)
    visits                                   0x200001ec   Data           4  main.o(.data)
    i                                        0x200001f0   Data           1  main.o(.data)
    SystemCoreClock                          0x200001f4   Data           4  system_tm4c123.o(.data)
    CurrentLoc                               0x200001f8   Data          24  main.o(.bss)
    NearestLoc                               0x20000210   Data          24  main.o(.bss)
    Local_uart2configuration                 0x20000228   Data          12  main.o(.bss)
    array_A                                  0x20000234   Data          32  int_program.o(.bss)
    array_B                                  0x20000254   Data          32  int_program.o(.bss)
    array_C                                  0x20000274   Data          32  int_program.o(.bss)
    array_D                                  0x20000294   Data          32  int_program.o(.bss)
    array_E                                  0x200002b4   Data          32  int_program.o(.bss)
    array_F                                  0x200002d4   Data          32  int_program.o(.bss)
    __libspace_start                         0x200002f4   Data          96  libspace.o(.bss)
    __temporary_stack_top$libspace           0x20000354   Data           0  libspace.o(.bss)



==============================================================================

Memory Map of the image

  Image Entry point : 0x0000034d

  Load Region LR_1 (Base: 0x00000000, Size: 0x00004c58, Max: 0xffffffff, ABSOLUTE, COMPRESSED[0x00004b9c])

    Execution Region ER_RO (Base: 0x00000000, Size: 0x00004a60, Max: 0xffffffff, ABSOLUTE)

    Base Addr    Size         Type   Attr      Idx    E Section Name        Object

    0x00000000   0x0000026c   Data   RO            3    RESET               startup_tm4c123.o
    0x0000026c   0x00000008   Code   RO          329  * !!!main             c_w.l(__main.o)
    0x00000274   0x00000034   Code   RO          634    !!!scatter          c_w.l(__scatter.o)
    0x000002a8   0x0000005a   Code   RO          632    !!dczerorl2         c_w.l(__dczerorl2.o)
    0x00000302   0x00000002   PAD
    0x00000304   0x0000001c   Code   RO          636    !!handler_zi        c_w.l(__scatter_zi.o)
    0x00000320   0x00000002   Code   RO          508    .ARM.Collect$$libinit$$00000000  c_w.l(libinit.o)
    0x00000322   0x00000004   Code   RO          511    .ARM.Collect$$libinit$$00000001  c_w.l(libinit2.o)
    0x00000326   0x00000000   Code   RO          515    .ARM.Collect$$libinit$$00000008  c_w.l(libinit2.o)
    0x00000326   0x00000000   Code   RO          517    .ARM.Collect$$libinit$$0000000A  c_w.l(libinit2.o)
    0x00000326   0x00000000   Code   RO          519    .ARM.Collect$$libinit$$0000000C  c_w.l(libinit2.o)
    0x00000326   0x00000000   Code   RO          522    .ARM.Collect$$libinit$$0000000F  c_w.l(libinit2.o)
    0x00000326   0x00000000   Code   RO          524    .ARM.Collect$$libinit$$00000011  c_w.l(libinit2.o)
    0x00000326   0x00000000   Code   RO          526    .ARM.Collect$$libinit$$00000013  c_w.l(libinit2.o)
    0x00000326   0x00000000   Code   RO          528    .ARM.Collect$$libinit$$00000015  c_w.l(libinit2.o)
    0x00000326   0x00000000   Code   RO          530    .ARM.Collect$$libinit$$00000017  c_w.l(libinit2.o)
    0x00000326   0x00000000   Code   RO          532    .ARM.Collect$$libinit$$00000019  c_w.l(libinit2.o)
    0x00000326   0x00000000   Code   RO          534    .ARM.Collect$$libinit$$0000001B  c_w.l(libinit2.o)
    0x00000326   0x00000000   Code   RO          536    .ARM.Collect$$libinit$$0000001D  c_w.l(libinit2.o)
    0x00000326   0x00000000   Code   RO          538    .ARM.Collect$$libinit$$0000001F  c_w.l(libinit2.o)
    0x00000326   0x00000000   Code   RO          540    .ARM.Collect$$libinit$$00000021  c_w.l(libinit2.o)
    0x00000326   0x00000000   Code   RO          542    .ARM.Collect$$libinit$$00000023  c_w.l(libinit2.o)
    0x00000326   0x00000000   Code   RO          546    .ARM.Collect$$libinit$$0000002A  c_w.l(libinit2.o)
    0x00000326   0x00000000   Code   RO          548    .ARM.Collect$$libinit$$0000002C  c_w.l(libinit2.o)
    0x00000326   0x00000000   Code   RO          550    .ARM.Collect$$libinit$$0000002E  c_w.l(libinit2.o)
    0x00000326   0x00000000   Code   RO          552    .ARM.Collect$$libinit$$00000030  c_w.l(libinit2.o)
    0x00000326   0x00000002   Code   RO          553    .ARM.Collect$$libinit$$00000031  c_w.l(libinit2.o)
    0x00000328   0x00000002   Code   RO          573    .ARM.Collect$$libshutdown$$00000000  c_w.l(libshutdown.o)
    0x0000032a   0x00000000   Code   RO          587    .ARM.Collect$$libshutdown$$00000003  c_w.l(libshutdown2.o)
    0x0000032a   0x00000000   Code   RO          590    .ARM.Collect$$libshutdown$$00000006  c_w.l(libshutdown2.o)
    0x0000032a   0x00000000   Code   RO          593    .ARM.Collect$$libshutdown$$00000009  c_w.l(libshutdown2.o)
    0x0000032a   0x00000000   Code   RO          595    .ARM.Collect$$libshutdown$$0000000B  c_w.l(libshutdown2.o)
    0x0000032a   0x00000000   Code   RO          598    .ARM.Collect$$libshutdown$$0000000E  c_w.l(libshutdown2.o)
    0x0000032a   0x00000002   Code   RO          599    .ARM.Collect$$libshutdown$$0000000F  c_w.l(libshutdown2.o)
    0x0000032c   0x00000000   Code   RO          413    .ARM.Collect$$rtentry$$00000000  c_w.l(rtentry.o)
    0x0000032c   0x00000000   Code   RO          467    .ARM.Collect$$rtentry$$00000002  c_w.l(rtentry2.o)
    0x0000032c   0x00000006   Code   RO          479    .ARM.Collect$$rtentry$$00000004  c_w.l(rtentry4.o)
    0x00000332   0x00000000   Code   RO          469    .ARM.Collect$$rtentry$$00000009  c_w.l(rtentry2.o)
    0x00000332   0x00000004   Code   RO          470    .ARM.Collect$$rtentry$$0000000A  c_w.l(rtentry2.o)
    0x00000336   0x00000000   Code   RO          472    .ARM.Collect$$rtentry$$0000000C  c_w.l(rtentry2.o)
    0x00000336   0x00000008   Code   RO          473    .ARM.Collect$$rtentry$$0000000D  c_w.l(rtentry2.o)
    0x0000033e   0x00000002   Code   RO          509    .ARM.Collect$$rtexit$$00000000  c_w.l(rtexit.o)
    0x00000340   0x00000000   Code   RO          555    .ARM.Collect$$rtexit$$00000002  c_w.l(rtexit2.o)
    0x00000340   0x00000004   Code   RO          556    .ARM.Collect$$rtexit$$00000003  c_w.l(rtexit2.o)
    0x00000344   0x00000006   Code   RO          557    .ARM.Collect$$rtexit$$00000004  c_w.l(rtexit2.o)
    0x0000034a   0x00000002   PAD
    0x0000034c   0x00000114   Code   RO            4  * .text               startup_tm4c123.o
    0x00000460   0x0000030c   Code   RO           10    .text               app.o
    0x0000076c   0x0000019e   Code   RO          101    .text               clcd_program.o
    0x0000090a   0x00000002   PAD
    0x0000090c   0x00000188   Code   RO          116    .text               eeprom_program.o
    0x00000a94   0x00000594   Code   RO          134    .text               gpio_program.o
    0x00001028   0x00000708   Code   RO          146    .text               gps_program.o
    0x00001730   0x0000010a   Code   RO          177    .text               led_program.o
    0x0000183a   0x00000002   PAD
    0x0000183c   0x0000037c   Code   RO          189    .text               main.o
    0x00001bb8   0x000000f8   Code   RO          211    .text               sw_program.o
    0x00001cb0   0x0000024c   Code   RO          226    .text               system_tm4c123.o
    0x00001efc   0x000000cc   Code   RO          272    .text               systick_program.o
    0x00001fc8   0x000004b4   Code   RO          284    .text               uart_program.o
    0x0000247c   0x00000628   Code   RO          296    .text               int_program.o
    0x00002aa4   0x00000004   Code   RO          319    .text               c_w.l(strtok_r.o)
    0x00002aa8   0x00000024   Code   RO          321    .text               c_w.l(strstr.o)
    0x00002acc   0x00000048   Code   RO          323    .text               c_w.l(strcpy.o)
    0x00002b14   0x0000004e   Code   RO          325    .text               c_w.l(rt_memclr_w.o)
    0x00002b62   0x00000006   Code   RO          327    .text               c_w.l(heapauxi.o)
    0x00002b68   0x00000016   Code   RO          414    .text               c_w.l(_rserrno.o)
    0x00002b7e   0x00000002   PAD
    0x00002b80   0x00000044   Code   RO          416    .text               c_w.l(strtok_int.o)
    0x00002bc4   0x00000008   Code   RO          484    .text               c_w.l(rt_errno_addr_intlibspace.o)
    0x00002bcc   0x00000020   Code   RO          486    .text               c_w.l(strcspn.o)
    0x00002bec   0x0000001c   Code   RO          488    .text               c_w.l(strspn.o)
    0x00002c08   0x00000008   Code   RO          496    .text               c_w.l(libspace.o)
    0x00002c10   0x0000004a   Code   RO          499    .text               c_w.l(sys_stackheap_outer.o)
    0x00002c5a   0x0000000c   Code   RO          501    .text               c_w.l(exit.o)
    0x00002c66   0x00000002   PAD
    0x00002c68   0x0000000c   Code   RO          565    .text               c_w.l(sys_exit.o)
    0x00002c74   0x00000002   Code   RO          576    .text               c_w.l(use_no_semi.o)
    0x00002c76   0x00000000   Code   RO          578    .text               c_w.l(indicate_semi.o)
    0x00002c76   0x00000030   Code   RO          492    i.__ARM_fpclassify  m_wm.l(fpclassify.o)
    0x00002ca6   0x00000002   PAD
    0x00002ca8   0x000002e8   Code   RO          431    i.__hardfp_atan     m_wm.l(atan.o)
    0x00002f90   0x000001e0   Code   RO          365    i.__hardfp_atan2    m_wm.l(atan2.o)
    0x00003170   0x000000d8   Code   RO          377    i.__hardfp_cos      m_wm.l(cos.o)
    0x00003248   0x000000d8   Code   RO          389    i.__hardfp_sin      m_wm.l(sin.o)
    0x00003320   0x0000007a   Code   RO          401    i.__hardfp_sqrt     m_wm.l(sqrt.o)
    0x0000339a   0x00000006   PAD
    0x000033a0   0x00000458   Code   RO          455    i.__ieee754_rem_pio2  m_wm.l(rred.o)
    0x000037f8   0x00000170   Code   RO          445    i.__kernel_cos      m_wm.l(cos_i.o)
    0x00003968   0x000000f8   Code   RO          494    i.__kernel_poly     m_wm.l(poly.o)
    0x00003a60   0x00000130   Code   RO          460    i.__kernel_sin      m_wm.l(sin_i.o)
    0x00003b90   0x00000020   Code   RO          490    i.__mathlib_dbl_underflow  m_wm.l(dunder.o)
    0x00003bb0   0x00000010   Code   RO          433    i.atan              m_wm.l(atan.o)
    0x00003bc0   0x00000020   Code   RO          450    i.fabs              m_wm.l(fabs.o)
    0x00003be0   0x00000018   Code   RO          331    x$fpl$basic         fz_wm.l(basic.o)
    0x00003bf8   0x00000062   Code   RO          333    x$fpl$d2f           fz_wm.l(d2f.o)
    0x00003c5a   0x00000002   PAD
    0x00003c5c   0x00000150   Code   RO          335    x$fpl$dadd          fz_wm.l(daddsub_clz.o)
    0x00003dac   0x00000018   Code   RO          418    x$fpl$dcmpinf       fz_wm.l(dcmpi.o)
    0x00003dc4   0x000002b0   Code   RO          342    x$fpl$ddiv          fz_wm.l(ddiv.o)
    0x00004074   0x0000005e   Code   RO          345    x$fpl$dfix          fz_wm.l(dfix.o)
    0x000040d2   0x00000002   PAD
    0x000040d4   0x0000005a   Code   RO          349    x$fpl$dfixu         fz_wm.l(dfixu.o)
    0x0000412e   0x0000002e   Code   RO          354    x$fpl$dflt          fz_wm.l(dflt_clz.o)
    0x0000415c   0x00000026   Code   RO          353    x$fpl$dfltu         fz_wm.l(dflt_clz.o)
    0x00004182   0x00000002   PAD
    0x00004184   0x00000078   Code   RO          359    x$fpl$dleqf         fz_wm.l(dleqf.o)
    0x000041fc   0x00000154   Code   RO          361    x$fpl$dmul          fz_wm.l(dmul.o)
    0x00004350   0x0000009c   Code   RO          420    x$fpl$dnaninf       fz_wm.l(dnaninf.o)
    0x000043ec   0x0000000c   Code   RO          422    x$fpl$dretinf       fz_wm.l(dretinf.o)
    0x000043f8   0x00000016   Code   RO          336    x$fpl$drsb          fz_wm.l(daddsub_clz.o)
    0x0000440e   0x00000002   PAD
    0x00004410   0x00000198   Code   RO          424    x$fpl$dsqrt         fz_wm.l(dsqrt_umaal.o)
    0x000045a8   0x000001d4   Code   RO          337    x$fpl$dsub          fz_wm.l(daddsub_clz.o)
    0x0000477c   0x00000056   Code   RO          363    x$fpl$f2d           fz_wm.l(f2d.o)
    0x000047d2   0x0000008c   Code   RO          426    x$fpl$fnaninf       fz_wm.l(fnaninf.o)
    0x0000485e   0x0000000a   Code   RO          563    x$fpl$fpinit        fz_wm.l(fpinit.o)
    0x00004868   0x0000000a   Code   RO          428    x$fpl$fretinf       fz_wm.l(fretinf.o)
    0x00004872   0x00000000   Code   RO          430    x$fpl$usenofp       fz_wm.l(usenofp.o)
    0x00004872   0x00000002   PAD
    0x00004874   0x00000007   Data   RO          212    .constdata          sw_program.o
    0x0000487b   0x00000005   PAD
    0x00004880   0x00000098   Data   RO          434    .constdata          m_wm.l(atan.o)
    0x00004918   0x00000030   Data   RO          446    .constdata          m_wm.l(cos_i.o)
    0x00004948   0x00000008   Data   RO          454    .constdata          m_wm.l(qnan.o)
    0x00004950   0x000000c8   Data   RO          457    .constdata          m_wm.l(rred.o)
    0x00004a18   0x00000028   Data   RO          461    .constdata          m_wm.l(sin_i.o)
    0x00004a40   0x00000020   Data   RO          630    Region$$Table       anon$$obj.o


    Execution Region ER_RW (Base: 0x20000000, Size: 0x000001f8, Max: 0xffffffff, ABSOLUTE, COMPRESSED[0x0000013c])

    Base Addr    Size         Type   Attr      Idx    E Section Name        Object

    0x20000000   0x000001f1   Data   RW          191    .data               main.o
    0x200001f1   0x00000003   PAD
    0x200001f4   0x00000004   Data   RW          227    .data               system_tm4c123.o


    Execution Region ER_ZI (Base: 0x200001f8, Size: 0x00000360, Max: 0xffffffff, ABSOLUTE)

    Base Addr    Size         Type   Attr      Idx    E Section Name        Object

    0x200001f8   0x0000003c   Zero   RW          190    .bss                main.o
    0x20000234   0x000000c0   Zero   RW          297    .bss                int_program.o
    0x200002f4   0x00000060   Zero   RW          497    .bss                c_w.l(libspace.o)
    0x20000354   0x00000004   PAD
    0x20000358   0x00000000   Zero   RW            2    HEAP                startup_tm4c123.o
    0x20000358   0x00000200   Zero   RW            1    STACK               startup_tm4c123.o


==============================================================================

Image component sizes


      Code (inc. data)   RO Data    RW Data    ZI Data      Debug   Object Name

       780         22          0          0          0       6825   app.o
       414          0          0          0          0       3805   clcd_program.o
       392         20          0          0          0       2187   eeprom_program.o
      1428        130          0          0          0       6994   gpio_program.o
      1800         86          0          0          0       6549   gps_program.o
      1576         98          0          0        192       7816   int_program.o
       266          0          0          0          0       1798   led_program.o
       892        196          0        497         60       2662   main.o
       276         24        620          0        512       5396   startup_tm4c123.o
       248          4          7          0          0       1636   sw_program.o
       588        136          0          4          0       4161   system_tm4c123.o
       204          8          0          0          0       1665   systick_program.o
      1204         56          0          0          0       2375   uart_program.o

    ----------------------------------------------------------------------
     10072        780        664        504        764      53869   Object Totals
         0          0         32          0          0          0   (incl. Generated)
         4          0          5          3          0          0   (incl. Padding)

    ----------------------------------------------------------------------

      Code (inc. data)   RO Data    RW Data    ZI Data      Debug   Library Member Name

        90          0          0          0          0          0   __dczerorl2.o
         8          0          0          0          0         68   __main.o
        52          8          0          0          0          0   __scatter.o
        28          0          0          0          0          0   __scatter_zi.o
        22          0          0          0          0        100   _rserrno.o
        12          0          0          0          0         72   exit.o
         6          0          0          0          0        152   heapauxi.o
         0          0          0          0          0          0   indicate_semi.o
         2          0          0          0          0          0   libinit.o
         6          0          0          0          0          0   libinit2.o
         2          0          0          0          0          0   libshutdown.o
         2          0          0          0          0          0   libshutdown2.o
         8          4          0          0         96         68   libspace.o
         8          4          0          0          0         68   rt_errno_addr_intlibspace.o
        78          0          0          0          0         80   rt_memclr_w.o
         0          0          0          0          0          0   rtentry.o
        12          0          0          0          0          0   rtentry2.o
         6          0          0          0          0          0   rtentry4.o
         2          0          0          0          0          0   rtexit.o
        10          0          0          0          0          0   rtexit2.o
        72          0          0          0          0         80   strcpy.o
        32          0          0          0          0         80   strcspn.o
        28          0          0          0          0         80   strspn.o
        36          0          0          0          0         80   strstr.o
        68          4          0          0          0         84   strtok_int.o
         4          0          0          0          0         68   strtok_r.o
        12          4          0          0          0         68   sys_exit.o
        74          0          0          0          0         80   sys_stackheap_outer.o
         2          0          0          0          0         68   use_no_semi.o
        24          0          0          0          0        164   basic.o
        98          4          0          0          0        140   d2f.o
       826         16          0          0          0        492   daddsub_clz.o
        24          0          0          0          0        116   dcmpi.o
       688        140          0          0          0        256   ddiv.o
        94          4          0          0          0        140   dfix.o
        90          4          0          0          0        140   dfixu.o
        84          0          0          0          0        232   dflt_clz.o
       120          4          0          0          0        140   dleqf.o
       340         12          0          0          0        152   dmul.o
       156          4          0          0          0        140   dnaninf.o
        12          0          0          0          0        116   dretinf.o
       408         56          0          0          0        168   dsqrt_umaal.o
        86          4          0          0          0        132   f2d.o
       140          4          0          0          0        132   fnaninf.o
        10          0          0          0          0        116   fpinit.o
        10          0          0          0          0        116   fretinf.o
         0          0          0          0          0          0   usenofp.o
       760        108        152          0          0        344   atan.o
       480         64          0          0          0        156   atan2.o
       216         16          0          0          0        152   cos.o
       368         46         48          0          0        200   cos_i.o
        32          8          0          0          0        124   dunder.o
        32          0          0          0          0        124   fabs.o
        48          0          0          0          0        124   fpclassify.o
       248          0          0          0          0        152   poly.o
         0          0          8          0          0          0   qnan.o
      1112        140        200          0          0        188   rred.o
       216         16          0          0          0        152   sin.o
       304         24         40          0          0        208   sin_i.o
       122          0          0          0          0        148   sqrt.o

    ----------------------------------------------------------------------
      7856        698        448          0        100       6260   Library Totals
        26          0          0          0          4          0   (incl. Padding)

    ----------------------------------------------------------------------

      Code (inc. data)   RO Data    RW Data    ZI Data      Debug   Library Name

       682         24          0          0         96       1296   c_w.l
      3210        252          0          0          0       2892   fz_wm.l
      3938        422        448          0          0       2072   m_wm.l

    ----------------------------------------------------------------------
      7856        698        448          0        100       6260   Library Totals

    ----------------------------------------------------------------------

==============================================================================


      Code (inc. data)   RO Data    RW Data    ZI Data      Debug   

     17928       1478       1112        504        864      54401   Grand Totals
     17928       1478       1112        316        864      54401   ELF Image Totals (compressed)
     17928       1478       1112        316          0          0   ROM Totals

==============================================================================

    Total RO  Size (Code + RO Data)                19040 (  18.59kB)
    Total RW  Size (RW Data + ZI Data)              1368 (   1.34kB)
    Total ROM Size (Code + RO Data + RW Data)      19356 (  18.90kB)

==============================================================================

