<html>
<body>
<pre>
<h1>µVision Build Log</h1>
<h2>Project:</h2>
D:\Junior\SPRING 2025\EMBEDDED\project-gps\Milestone2\Our_Milestone_2\v1.uvproj
Project File Date:  04/30/2025

<h2>Output:</h2>
Rebuild target 'Target 1'
compiling CLCD_program.c...
compiling GPIO_program.c...
GPIO_program.c(19): warning:  #550-D: variable "Local_Port" was set but never used
      volatile GPIO_PORT_t* Local_Port = NULL;
GPIO_program.c: 1 warning, 0 errors
compiling LED_program.c...
compiling main.c...
main.c(35): warning:  #223-D: function "CLCD_VoidClearDisplay" declared implicitly
      CLCD_VoidClearDisplay();
main.c: 1 warning, 0 errors
compiling SW_program.c...
compiling SYSTICK_program.c...
compiling UART_program.c...
UART_program.c(197): warning:  #1035-D: single-precision operand implicitly converted to double-precision
      Copy_ptrConfig->Module->FBRD = (u32)(((Local_f32ClockDivisor - (u32)Local_f32ClockDivisor)*64) + 0.5); // Known formula
UART_program.c: 1 warning, 0 errors
compiling system_TM4C123.c...
assembling startup_TM4C123.s...
linking...
Program Size: Code=7140 RO-data=652 RW-data=4 ZI-data=612  
".\v1.axf" - 0 Error(s), 3 Warning(s).
Load "D:\\Junior\\SPRING 2025\\EMBEDDED\\project-gps\\Milestone2\\Our_Milestone_2\\v1.axf" 
Connecting: Mode=JTAG, Speed=1000000Hz
Erase Done.
Programming Done.
Verify OK.
</pre>
</body>
</html>
