ARM Linker, 5.03 [Build 76] [MDK-ARM Lite]

==============================================================================

Section Cross References

    clcd_program.o(.text) refers to gpio_program.o(.text) for GPIO_StdErrorWritePin
    clcd_program.o(.text) refers to systick_program.o(.text) for Systick_StdErrorDelayIn_ms
    clcd_program.o(.text) refers to rt_memclr_w.o(.text) for __aeabi_memclr4
    led_program.o(.text) refers to gpio_program.o(.text) for GPIO_StdErrorInit
    led_program.o(.text) refers to systick_program.o(.text) for Systick_StdErrorDelayIn_ms
    main.o(.text) refers to led_program.o(.text) for LED_voidTurnOffLed
    main.o(.text) refers to gpio_program.o(.text) for GPIO_StdErrorInit
    main.o(.text) refers to uart_program.o(.text) for UART_StdErrorInit
    main.o(.text) refers to clcd_program.o(.text) for CLCD_StdErrorDataPinsInit
    main.o(.text) refers to systick_program.o(.text) for Systick_StdErrorDelayIn_ms
    sw_program.o(.text) refers to gpio_program.o(.text) for GPIO_StdErrorInit
    sw_program.o(.text) refers to sw_program.o(.constdata) for .constdata
    uart_program.o(.text) refers to gpio_program.o(.text) for GPIO_StdErrorInit
    uart_program.o(.text) refers to dflt_clz.o(x$fpl$dfltu) for __aeabi_ui2d
    uart_program.o(.text) refers to ddiv.o(x$fpl$ddiv) for __aeabi_ddiv
    uart_program.o(.text) refers to d2f.o(x$fpl$d2f) for __aeabi_d2f
    uart_program.o(.text) refers to f2d.o(x$fpl$f2d) for __aeabi_f2d
    uart_program.o(.text) refers to daddsub_clz.o(x$fpl$dadd) for __aeabi_dadd
    uart_program.o(.text) refers to dfixu.o(x$fpl$dfixu) for __aeabi_d2uiz
    system_tm4c123.o(.text) refers to system_tm4c123.o(.data) for SystemCoreClock
    startup_tm4c123.o(STACK) refers (Special) to heapauxi.o(.text) for __use_two_region_memory
    startup_tm4c123.o(HEAP) refers (Special) to heapauxi.o(.text) for __use_two_region_memory
    startup_tm4c123.o(RESET) refers (Special) to heapauxi.o(.text) for __use_two_region_memory
    startup_tm4c123.o(RESET) refers to startup_tm4c123.o(STACK) for __initial_sp
    startup_tm4c123.o(RESET) refers to startup_tm4c123.o(.text) for Reset_Handler
    startup_tm4c123.o(.text) refers (Special) to heapauxi.o(.text) for __use_two_region_memory
    startup_tm4c123.o(.text) refers to system_tm4c123.o(.text) for SystemInit
    startup_tm4c123.o(.text) refers to __main.o(!!!main) for __main
    startup_tm4c123.o(.text) refers to startup_tm4c123.o(HEAP) for Heap_Mem
    startup_tm4c123.o(.text) refers to startup_tm4c123.o(STACK) for Stack_Mem
    __main.o(!!!main) refers to rtentry.o(.ARM.Collect$$rtentry$$00000000) for __rt_entry
    d2f.o(x$fpl$d2f) refers (Special) to usenofp.o(x$fpl$usenofp) for __I$use$fp
    d2f.o(x$fpl$d2f) refers to fretinf.o(x$fpl$fretinf) for __fpl_fretinf
    d2f.o(x$fpl$d2f) refers to dnaninf.o(x$fpl$dnaninf) for __fpl_dnaninf
    daddsub_clz.o(x$fpl$dadd) refers (Special) to usenofp.o(x$fpl$usenofp) for __I$use$fp
    daddsub_clz.o(x$fpl$dadd) refers to daddsub_clz.o(x$fpl$dsub) for _dsub1
    daddsub_clz.o(x$fpl$dadd) refers to dretinf.o(x$fpl$dretinf) for __fpl_dretinf
    daddsub_clz.o(x$fpl$dadd) refers to dnaninf.o(x$fpl$dnaninf) for __fpl_dnaninf
    daddsub_clz.o(x$fpl$drsb) refers (Special) to usenofp.o(x$fpl$usenofp) for __I$use$fp
    daddsub_clz.o(x$fpl$drsb) refers to daddsub_clz.o(x$fpl$dadd) for _dadd1
    daddsub_clz.o(x$fpl$drsb) refers to daddsub_clz.o(x$fpl$dsub) for _dsub1
    daddsub_clz.o(x$fpl$dsub) refers (Special) to usenofp.o(x$fpl$usenofp) for __I$use$fp
    daddsub_clz.o(x$fpl$dsub) refers to daddsub_clz.o(x$fpl$dadd) for _dadd1
    daddsub_clz.o(x$fpl$dsub) refers to dnaninf.o(x$fpl$dnaninf) for __fpl_dnaninf
    ddiv.o(x$fpl$drdiv) refers (Special) to usenofp.o(x$fpl$usenofp) for __I$use$fp
    ddiv.o(x$fpl$drdiv) refers to ddiv.o(x$fpl$ddiv) for ddiv_entry
    ddiv.o(x$fpl$ddiv) refers (Special) to usenofp.o(x$fpl$usenofp) for __I$use$fp
    ddiv.o(x$fpl$ddiv) refers to dretinf.o(x$fpl$dretinf) for __fpl_dretinf
    ddiv.o(x$fpl$ddiv) refers to dnaninf.o(x$fpl$dnaninf) for __fpl_dnaninf
    dfixu.o(x$fpl$dfixu) refers (Special) to usenofp.o(x$fpl$usenofp) for __I$use$fp
    dfixu.o(x$fpl$dfixu) refers to dnaninf.o(x$fpl$dnaninf) for __fpl_dnaninf
    dfixu.o(x$fpl$dfixur) refers (Special) to usenofp.o(x$fpl$usenofp) for __I$use$fp
    dfixu.o(x$fpl$dfixur) refers to dnaninf.o(x$fpl$dnaninf) for __fpl_dnaninf
    dflt_clz.o(x$fpl$dfltu) refers (Special) to usenofp.o(x$fpl$usenofp) for __I$use$fp
    dflt_clz.o(x$fpl$dflt) refers (Special) to usenofp.o(x$fpl$usenofp) for __I$use$fp
    dflt_clz.o(x$fpl$dfltn) refers (Special) to usenofp.o(x$fpl$usenofp) for __I$use$fp
    f2d.o(x$fpl$f2d) refers (Special) to usenofp.o(x$fpl$usenofp) for __I$use$fp
    f2d.o(x$fpl$f2d) refers to fnaninf.o(x$fpl$fnaninf) for __fpl_fnaninf
    f2d.o(x$fpl$f2d) refers to dretinf.o(x$fpl$dretinf) for __fpl_dretinf
    rtentry.o(.ARM.Collect$$rtentry$$00000000) refers (Special) to rtentry2.o(.ARM.Collect$$rtentry$$0000000A) for __rt_entry_li
    rtentry.o(.ARM.Collect$$rtentry$$00000000) refers (Special) to rtentry2.o(.ARM.Collect$$rtentry$$0000000D) for __rt_entry_main
    rtentry.o(.ARM.Collect$$rtentry$$00000000) refers (Special) to rtentry2.o(.ARM.Collect$$rtentry$$0000000C) for __rt_entry_postli_1
    rtentry.o(.ARM.Collect$$rtentry$$00000000) refers (Special) to rtentry2.o(.ARM.Collect$$rtentry$$00000009) for __rt_entry_postsh_1
    rtentry.o(.ARM.Collect$$rtentry$$00000000) refers (Special) to rtentry2.o(.ARM.Collect$$rtentry$$00000002) for __rt_entry_presh_1
    rtentry.o(.ARM.Collect$$rtentry$$00000000) refers (Special) to rtentry4.o(.ARM.Collect$$rtentry$$00000004) for __rt_entry_sh
    dnaninf.o(x$fpl$dnaninf) refers (Special) to usenofp.o(x$fpl$usenofp) for __I$use$fp
    dretinf.o(x$fpl$dretinf) refers (Special) to usenofp.o(x$fpl$usenofp) for __I$use$fp
    fnaninf.o(x$fpl$fnaninf) refers (Special) to usenofp.o(x$fpl$usenofp) for __I$use$fp
    fretinf.o(x$fpl$fretinf) refers (Special) to usenofp.o(x$fpl$usenofp) for __I$use$fp
    rtentry2.o(.ARM.Collect$$rtentry$$00000008) refers to boardinit2.o(.text) for _platform_post_stackheap_init
    rtentry2.o(.ARM.Collect$$rtentry$$0000000A) refers to libinit.o(.ARM.Collect$$libinit$$00000000) for __rt_lib_init
    rtentry2.o(.ARM.Collect$$rtentry$$0000000B) refers to boardinit3.o(.text) for _platform_post_lib_init
    rtentry2.o(.ARM.Collect$$rtentry$$0000000D) refers to main.o(.text) for main
    rtentry2.o(.ARM.Collect$$rtentry$$0000000D) refers to exit.o(.text) for exit
    rtentry2.o(.ARM.exidx) refers to rtentry2.o(.ARM.Collect$$rtentry$$00000001) for .ARM.Collect$$rtentry$$00000001
    rtentry2.o(.ARM.exidx) refers to rtentry2.o(.ARM.Collect$$rtentry$$00000008) for .ARM.Collect$$rtentry$$00000008
    rtentry2.o(.ARM.exidx) refers to rtentry2.o(.ARM.Collect$$rtentry$$0000000A) for .ARM.Collect$$rtentry$$0000000A
    rtentry2.o(.ARM.exidx) refers to rtentry2.o(.ARM.Collect$$rtentry$$0000000B) for .ARM.Collect$$rtentry$$0000000B
    rtentry2.o(.ARM.exidx) refers to rtentry2.o(.ARM.Collect$$rtentry$$0000000D) for .ARM.Collect$$rtentry$$0000000D
    rtentry4.o(.ARM.Collect$$rtentry$$00000004) refers to sys_stackheap_outer.o(.text) for __user_setup_stackheap
    rtentry4.o(.ARM.exidx) refers to rtentry4.o(.ARM.Collect$$rtentry$$00000004) for .ARM.Collect$$rtentry$$00000004
    sys_stackheap_outer.o(.text) refers to libspace.o(.text) for __user_perproc_libspace
    sys_stackheap_outer.o(.text) refers to startup_tm4c123.o(.text) for __user_initial_stackheap
    exit.o(.text) refers to rtexit.o(.ARM.Collect$$rtexit$$00000000) for __rt_exit
    libinit.o(.ARM.Collect$$libinit$$00000000) refers (Special) to libinit2.o(.ARM.Collect$$libinit$$0000002C) for __rt_lib_init_alloca_1
    libinit.o(.ARM.Collect$$libinit$$00000000) refers (Special) to libinit2.o(.ARM.Collect$$libinit$$0000002A) for __rt_lib_init_argv_1
    libinit.o(.ARM.Collect$$libinit$$00000000) refers (Special) to libinit2.o(.ARM.Collect$$libinit$$00000019) for __rt_lib_init_atexit_1
    libinit.o(.ARM.Collect$$libinit$$00000000) refers (Special) to libinit2.o(.ARM.Collect$$libinit$$0000001F) for __rt_lib_init_clock_1
    libinit.o(.ARM.Collect$$libinit$$00000000) refers (Special) to libinit2.o(.ARM.Collect$$libinit$$00000030) for __rt_lib_init_cpp_1
    libinit.o(.ARM.Collect$$libinit$$00000000) refers (Special) to libinit2.o(.ARM.Collect$$libinit$$0000002E) for __rt_lib_init_exceptions_1
    libinit.o(.ARM.Collect$$libinit$$00000000) refers (Special) to libinit2.o(.ARM.Collect$$libinit$$00000001) for __rt_lib_init_fp_1
    libinit.o(.ARM.Collect$$libinit$$00000000) refers (Special) to libinit2.o(.ARM.Collect$$libinit$$0000001D) for __rt_lib_init_fp_trap_1
    libinit.o(.ARM.Collect$$libinit$$00000000) refers (Special) to libinit2.o(.ARM.Collect$$libinit$$00000021) for __rt_lib_init_getenv_1
    libinit.o(.ARM.Collect$$libinit$$00000000) refers (Special) to libinit2.o(.ARM.Collect$$libinit$$00000008) for __rt_lib_init_heap_1
    libinit.o(.ARM.Collect$$libinit$$00000000) refers (Special) to libinit2.o(.ARM.Collect$$libinit$$0000000F) for __rt_lib_init_lc_collate_1
    libinit.o(.ARM.Collect$$libinit$$00000000) refers (Special) to libinit2.o(.ARM.Collect$$libinit$$00000011) for __rt_lib_init_lc_ctype_1
    libinit.o(.ARM.Collect$$libinit$$00000000) refers (Special) to libinit2.o(.ARM.Collect$$libinit$$00000013) for __rt_lib_init_lc_monetary_1
    libinit.o(.ARM.Collect$$libinit$$00000000) refers (Special) to libinit2.o(.ARM.Collect$$libinit$$00000015) for __rt_lib_init_lc_numeric_1
    libinit.o(.ARM.Collect$$libinit$$00000000) refers (Special) to libinit2.o(.ARM.Collect$$libinit$$00000017) for __rt_lib_init_lc_time_1
    libinit.o(.ARM.Collect$$libinit$$00000000) refers (Special) to libinit2.o(.ARM.Collect$$libinit$$0000000C) for __rt_lib_init_rand_1
    libinit.o(.ARM.Collect$$libinit$$00000000) refers (Special) to libinit2.o(.ARM.Collect$$libinit$$00000031) for __rt_lib_init_return
    libinit.o(.ARM.Collect$$libinit$$00000000) refers (Special) to libinit2.o(.ARM.Collect$$libinit$$0000001B) for __rt_lib_init_signal_1
    libinit.o(.ARM.Collect$$libinit$$00000000) refers (Special) to libinit2.o(.ARM.Collect$$libinit$$00000023) for __rt_lib_init_stdio_1
    libinit.o(.ARM.Collect$$libinit$$00000000) refers (Special) to libinit2.o(.ARM.Collect$$libinit$$0000000A) for __rt_lib_init_user_alloc_1
    libspace.o(.text) refers to libspace.o(.bss) for __libspace_start
    rtexit.o(.ARM.Collect$$rtexit$$00000000) refers (Special) to rtexit2.o(.ARM.Collect$$rtexit$$00000004) for __rt_exit_exit
    rtexit.o(.ARM.Collect$$rtexit$$00000000) refers (Special) to rtexit2.o(.ARM.Collect$$rtexit$$00000003) for __rt_exit_ls
    rtexit.o(.ARM.Collect$$rtexit$$00000000) refers (Special) to rtexit2.o(.ARM.Collect$$rtexit$$00000002) for __rt_exit_prels_1
    rtexit.o(.ARM.exidx) refers (Special) to rtexit2.o(.ARM.Collect$$rtexit$$00000004) for __rt_exit_exit
    rtexit.o(.ARM.exidx) refers (Special) to rtexit2.o(.ARM.Collect$$rtexit$$00000003) for __rt_exit_ls
    rtexit.o(.ARM.exidx) refers (Special) to rtexit2.o(.ARM.Collect$$rtexit$$00000002) for __rt_exit_prels_1
    rtexit.o(.ARM.exidx) refers to rtexit.o(.ARM.Collect$$rtexit$$00000000) for .ARM.Collect$$rtexit$$00000000
    libinit2.o(.ARM.Collect$$libinit$$00000001) refers to fpinit.o(x$fpl$fpinit) for _fp_init
    libinit2.o(.ARM.Collect$$libinit$$0000000E) refers to libinit2.o(.ARM.Collect$$libinit$$0000000D) for .ARM.Collect$$libinit$$0000000D
    libinit2.o(.ARM.Collect$$libinit$$00000010) refers to libinit2.o(.ARM.Collect$$libinit$$0000000D) for .ARM.Collect$$libinit$$0000000D
    libinit2.o(.ARM.Collect$$libinit$$00000012) refers to libinit2.o(.ARM.Collect$$libinit$$0000000D) for .ARM.Collect$$libinit$$0000000D
    libinit2.o(.ARM.Collect$$libinit$$00000014) refers to libinit2.o(.ARM.Collect$$libinit$$0000000D) for .ARM.Collect$$libinit$$0000000D
    libinit2.o(.ARM.Collect$$libinit$$00000016) refers to libinit2.o(.ARM.Collect$$libinit$$0000000D) for .ARM.Collect$$libinit$$0000000D
    libinit2.o(.ARM.Collect$$libinit$$00000024) refers to argv_veneer.o(.emb_text) for __ARM_argv_veneer
    libinit2.o(.ARM.Collect$$libinit$$00000025) refers to argv_veneer.o(.emb_text) for __ARM_argv_veneer
    rtexit2.o(.ARM.Collect$$rtexit$$00000003) refers to libshutdown.o(.ARM.Collect$$libshutdown$$00000000) for __rt_lib_shutdown
    rtexit2.o(.ARM.Collect$$rtexit$$00000004) refers to sys_exit.o(.text) for _sys_exit
    rtexit2.o(.ARM.exidx) refers to rtexit2.o(.ARM.Collect$$rtexit$$00000001) for .ARM.Collect$$rtexit$$00000001
    rtexit2.o(.ARM.exidx) refers to rtexit2.o(.ARM.Collect$$rtexit$$00000003) for .ARM.Collect$$rtexit$$00000003
    rtexit2.o(.ARM.exidx) refers to rtexit2.o(.ARM.Collect$$rtexit$$00000004) for .ARM.Collect$$rtexit$$00000004
    argv_veneer.o(.emb_text) refers to no_argv.o(.text) for __ARM_get_argv
    sys_exit.o(.text) refers (Special) to use_no_semi.o(.text) for __I$use$semihosting
    sys_exit.o(.text) refers (Special) to indicate_semi.o(.text) for __semihosting_library_function
    _get_argv_nomalloc.o(.text) refers (Special) to hrguard.o(.text) for __heap_region$guard
    _get_argv_nomalloc.o(.text) refers to defsig_rtmem_outer.o(.text) for __rt_SIGRTMEM
    _get_argv_nomalloc.o(.text) refers to sys_command.o(.text) for _sys_command_string
    libshutdown.o(.ARM.Collect$$libshutdown$$00000000) refers (Special) to libshutdown2.o(.ARM.Collect$$libshutdown$$00000006) for __rt_lib_shutdown_fp_trap_1
    libshutdown.o(.ARM.Collect$$libshutdown$$00000000) refers (Special) to libshutdown2.o(.ARM.Collect$$libshutdown$$0000000E) for __rt_lib_shutdown_heap_1
    libshutdown.o(.ARM.Collect$$libshutdown$$00000000) refers (Special) to libshutdown2.o(.ARM.Collect$$libshutdown$$0000000F) for __rt_lib_shutdown_return
    libshutdown.o(.ARM.Collect$$libshutdown$$00000000) refers (Special) to libshutdown2.o(.ARM.Collect$$libshutdown$$00000009) for __rt_lib_shutdown_signal_1
    libshutdown.o(.ARM.Collect$$libshutdown$$00000000) refers (Special) to libshutdown2.o(.ARM.Collect$$libshutdown$$00000003) for __rt_lib_shutdown_stdio_1
    libshutdown.o(.ARM.Collect$$libshutdown$$00000000) refers (Special) to libshutdown2.o(.ARM.Collect$$libshutdown$$0000000B) for __rt_lib_shutdown_user_alloc_1
    sys_command.o(.text) refers (Special) to use_no_semi.o(.text) for __I$use$semihosting
    sys_command.o(.text) refers (Special) to indicate_semi.o(.text) for __semihosting_library_function
    defsig_rtmem_outer.o(.text) refers to defsig_rtmem_inner.o(.text) for __rt_SIGRTMEM_inner
    defsig_rtmem_outer.o(.text) refers to defsig_exit.o(.text) for __sig_exit
    defsig_rtmem_formal.o(.text) refers to rt_raise.o(.text) for __rt_raise
    rt_raise.o(.text) refers to __raise.o(.text) for __raise
    rt_raise.o(.text) refers to sys_exit.o(.text) for _sys_exit
    defsig_exit.o(.text) refers to sys_exit.o(.text) for _sys_exit
    defsig_rtmem_inner.o(.text) refers to defsig_general.o(.text) for __default_signal_display
    __raise.o(.text) refers to defsig.o(CL$$defsig) for __default_signal_handler
    defsig_general.o(.text) refers to sys_wrch.o(.text) for _ttywrch
    sys_wrch.o(.text) refers (Special) to use_no_semi.o(.text) for __I$use$semihosting
    sys_wrch.o(.text) refers (Special) to indicate_semi.o(.text) for __semihosting_library_function
    defsig.o(CL$$defsig) refers to defsig_rtmem_inner.o(.text) for __rt_SIGRTMEM_inner
    defsig_abrt_inner.o(.text) refers to defsig_general.o(.text) for __default_signal_display
    defsig_fpe_inner.o(.text) refers to defsig_general.o(.text) for __default_signal_display
    defsig_rtred_inner.o(.text) refers to defsig_general.o(.text) for __default_signal_display
    defsig_stak_inner.o(.text) refers to defsig_general.o(.text) for __default_signal_display
    defsig_pvfn_inner.o(.text) refers to defsig_general.o(.text) for __default_signal_display
    defsig_cppl_inner.o(.text) refers to defsig_general.o(.text) for __default_signal_display
    defsig_segv_inner.o(.text) refers to defsig_general.o(.text) for __default_signal_display
    defsig_other.o(.text) refers to defsig_general.o(.text) for __default_signal_display


==============================================================================

Removing Unused input sections from the image.

    Removing sw_program.o(.text), (248 bytes).
    Removing sw_program.o(.constdata), (7 bytes).
    Removing system_tm4c123.o(.rev16_text), (4 bytes).
    Removing system_tm4c123.o(.revsh_text), (4 bytes).

4 unused section(s) (total 263 bytes) removed from the image.

==============================================================================

Image Symbol Table

    Local Symbols

    Symbol Name                              Value     Ov Type        Size  Object(Section)

    RESET                                    0x00000000   Section      620  startup_tm4c123.o(RESET)
    ../clib/angel/boardlib.s                 0x00000000   Number         0  boardinit1.o ABSOLUTE
    ../clib/angel/boardlib.s                 0x00000000   Number         0  boardinit3.o ABSOLUTE
    ../clib/angel/boardlib.s                 0x00000000   Number         0  boardinit2.o ABSOLUTE
    ../clib/angel/boardlib.s                 0x00000000   Number         0  boardshut.o ABSOLUTE
    ../clib/angel/handlers.s                 0x00000000   Number         0  __scatter_zi.o ABSOLUTE
    ../clib/angel/handlers.s                 0x00000000   Number         0  __scatter_copy.o ABSOLUTE
    ../clib/angel/kernel.s                   0x00000000   Number         0  rtentry.o ABSOLUTE
    ../clib/angel/kernel.s                   0x00000000   Number         0  rtentry2.o ABSOLUTE
    ../clib/angel/kernel.s                   0x00000000   Number         0  rtexit.o ABSOLUTE
    ../clib/angel/kernel.s                   0x00000000   Number         0  rtexit2.o ABSOLUTE
    ../clib/angel/kernel.s                   0x00000000   Number         0  rtentry4.o ABSOLUTE
    ../clib/angel/rt.s                       0x00000000   Number         0  rt_raise.o ABSOLUTE
    ../clib/angel/scatter.s                  0x00000000   Number         0  __scatter.o ABSOLUTE
    ../clib/angel/startup.s                  0x00000000   Number         0  __main.o ABSOLUTE
    ../clib/angel/sys.s                      0x00000000   Number         0  use_no_semi.o ABSOLUTE
    ../clib/angel/sys.s                      0x00000000   Number         0  sys_stackheap_outer.o ABSOLUTE
    ../clib/angel/sys.s                      0x00000000   Number         0  indicate_semi.o ABSOLUTE
    ../clib/angel/sys.s                      0x00000000   Number         0  libspace.o ABSOLUTE
    ../clib/angel/sysapp.c                   0x00000000   Number         0  sys_wrch.o ABSOLUTE
    ../clib/angel/sysapp.c                   0x00000000   Number         0  sys_exit.o ABSOLUTE
    ../clib/angel/sysapp.c                   0x00000000   Number         0  sys_command.o ABSOLUTE
    ../clib/armsys.c                         0x00000000   Number         0  argv_veneer.o ABSOLUTE
    ../clib/armsys.c                         0x00000000   Number         0  no_argv.o ABSOLUTE
    ../clib/armsys.c                         0x00000000   Number         0  _get_argv_nomalloc.o ABSOLUTE
    ../clib/armsys.c                         0x00000000   Number         0  argv_veneer.o ABSOLUTE
    ../clib/heapalloc.c                      0x00000000   Number         0  hrguard.o ABSOLUTE
    ../clib/heapaux.c                        0x00000000   Number         0  heapauxi.o ABSOLUTE
    ../clib/libinit.s                        0x00000000   Number         0  libshutdown2.o ABSOLUTE
    ../clib/libinit.s                        0x00000000   Number         0  libshutdown.o ABSOLUTE
    ../clib/libinit.s                        0x00000000   Number         0  libinit.o ABSOLUTE
    ../clib/libinit.s                        0x00000000   Number         0  libinit2.o ABSOLUTE
    ../clib/memcpset.s                       0x00000000   Number         0  rt_memclr_w.o ABSOLUTE
    ../clib/signal.c                         0x00000000   Number         0  defsig_cppl_inner.o ABSOLUTE
    ../clib/signal.c                         0x00000000   Number         0  defsig_general.o ABSOLUTE
    ../clib/signal.c                         0x00000000   Number         0  defsig_stak_inner.o ABSOLUTE
    ../clib/signal.c                         0x00000000   Number         0  defsig_rtred_inner.o ABSOLUTE
    ../clib/signal.c                         0x00000000   Number         0  defsig_fpe_inner.o ABSOLUTE
    ../clib/signal.c                         0x00000000   Number         0  defsig_abrt_inner.o ABSOLUTE
    ../clib/signal.c                         0x00000000   Number         0  __raise.o ABSOLUTE
    ../clib/signal.c                         0x00000000   Number         0  defsig_rtmem_outer.o ABSOLUTE
    ../clib/signal.c                         0x00000000   Number         0  defsig_rtmem_formal.o ABSOLUTE
    ../clib/signal.c                         0x00000000   Number         0  defsig_exit.o ABSOLUTE
    ../clib/signal.c                         0x00000000   Number         0  defsig_pvfn_inner.o ABSOLUTE
    ../clib/signal.c                         0x00000000   Number         0  defsig_rtmem_inner.o ABSOLUTE
    ../clib/signal.c                         0x00000000   Number         0  defsig_other.o ABSOLUTE
    ../clib/signal.c                         0x00000000   Number         0  defsig_segv_inner.o ABSOLUTE
    ../clib/signal.s                         0x00000000   Number         0  defsig.o ABSOLUTE
    ../clib/stdlib.c                         0x00000000   Number         0  exit.o ABSOLUTE
    ../fplib/d2f.s                           0x00000000   Number         0  d2f.o ABSOLUTE
    ../fplib/daddsub.s                       0x00000000   Number         0  daddsub_clz.o ABSOLUTE
    ../fplib/ddiv.s                          0x00000000   Number         0  ddiv.o ABSOLUTE
    ../fplib/dfixu.s                         0x00000000   Number         0  dfixu.o ABSOLUTE
    ../fplib/dflt.s                          0x00000000   Number         0  dflt_clz.o ABSOLUTE
    ../fplib/dnaninf.s                       0x00000000   Number         0  dnaninf.o ABSOLUTE
    ../fplib/dretinf.s                       0x00000000   Number         0  dretinf.o ABSOLUTE
    ../fplib/f2d.s                           0x00000000   Number         0  f2d.o ABSOLUTE
    ../fplib/fnaninf.s                       0x00000000   Number         0  fnaninf.o ABSOLUTE
    ../fplib/fpinit.s                        0x00000000   Number         0  fpinit.o ABSOLUTE
    ../fplib/fretinf.s                       0x00000000   Number         0  fretinf.o ABSOLUTE
    ../fplib/usenofp.s                       0x00000000   Number         0  usenofp.o ABSOLUTE
    CLCD_program.c                           0x00000000   Number         0  clcd_program.o ABSOLUTE
    GPIO_program.c                           0x00000000   Number         0  gpio_program.o ABSOLUTE
    LED_program.c                            0x00000000   Number         0  led_program.o ABSOLUTE
    SW_program.c                             0x00000000   Number         0  sw_program.o ABSOLUTE
    SYSTICK_program.c                        0x00000000   Number         0  systick_program.o ABSOLUTE
    UART_program.c                           0x00000000   Number         0  uart_program.o ABSOLUTE
    dc.s                                     0x00000000   Number         0  dc.o ABSOLUTE
    main.c                                   0x00000000   Number         0  main.o ABSOLUTE
    startup_TM4C123.s                        0x00000000   Number         0  startup_tm4c123.o ABSOLUTE
    system_TM4C123.c                         0x00000000   Number         0  system_tm4c123.o ABSOLUTE
    system_TM4C123.c                         0x00000000   Number         0  system_tm4c123.o ABSOLUTE
    !!!main                                  0x0000026c   Section        8  __main.o(!!!main)
    !!!scatter                               0x00000274   Section       52  __scatter.o(!!!scatter)
    !!handler_copy                           0x000002a8   Section       26  __scatter_copy.o(!!handler_copy)
    !!handler_zi                             0x000002c4   Section       28  __scatter_zi.o(!!handler_zi)
    .ARM.Collect$$libinit$$00000000          0x000002e0   Section        2  libinit.o(.ARM.Collect$$libinit$$00000000)
    .ARM.Collect$$libinit$$00000001          0x000002e2   Section        4  libinit2.o(.ARM.Collect$$libinit$$00000001)
    .ARM.Collect$$libinit$$00000008          0x000002e6   Section        0  libinit2.o(.ARM.Collect$$libinit$$00000008)
    .ARM.Collect$$libinit$$0000000A          0x000002e6   Section        0  libinit2.o(.ARM.Collect$$libinit$$0000000A)
    .ARM.Collect$$libinit$$0000000C          0x000002e6   Section        0  libinit2.o(.ARM.Collect$$libinit$$0000000C)
    .ARM.Collect$$libinit$$0000000F          0x000002e6   Section        0  libinit2.o(.ARM.Collect$$libinit$$0000000F)
    .ARM.Collect$$libinit$$00000011          0x000002e6   Section        0  libinit2.o(.ARM.Collect$$libinit$$00000011)
    .ARM.Collect$$libinit$$00000013          0x000002e6   Section        0  libinit2.o(.ARM.Collect$$libinit$$00000013)
    .ARM.Collect$$libinit$$00000015          0x000002e6   Section        0  libinit2.o(.ARM.Collect$$libinit$$00000015)
    .ARM.Collect$$libinit$$00000017          0x000002e6   Section        0  libinit2.o(.ARM.Collect$$libinit$$00000017)
    .ARM.Collect$$libinit$$00000019          0x000002e6   Section        0  libinit2.o(.ARM.Collect$$libinit$$00000019)
    .ARM.Collect$$libinit$$0000001B          0x000002e6   Section        0  libinit2.o(.ARM.Collect$$libinit$$0000001B)
    .ARM.Collect$$libinit$$0000001D          0x000002e6   Section        0  libinit2.o(.ARM.Collect$$libinit$$0000001D)
    .ARM.Collect$$libinit$$0000001F          0x000002e6   Section        0  libinit2.o(.ARM.Collect$$libinit$$0000001F)
    .ARM.Collect$$libinit$$00000021          0x000002e6   Section        0  libinit2.o(.ARM.Collect$$libinit$$00000021)
    .ARM.Collect$$libinit$$00000023          0x000002e6   Section        0  libinit2.o(.ARM.Collect$$libinit$$00000023)
    .ARM.Collect$$libinit$$0000002A          0x000002e6   Section        0  libinit2.o(.ARM.Collect$$libinit$$0000002A)
    .ARM.Collect$$libinit$$0000002C          0x000002e6   Section        0  libinit2.o(.ARM.Collect$$libinit$$0000002C)
    .ARM.Collect$$libinit$$0000002E          0x000002e6   Section        0  libinit2.o(.ARM.Collect$$libinit$$0000002E)
    .ARM.Collect$$libinit$$00000030          0x000002e6   Section        0  libinit2.o(.ARM.Collect$$libinit$$00000030)
    .ARM.Collect$$libinit$$00000031          0x000002e6   Section        2  libinit2.o(.ARM.Collect$$libinit$$00000031)
    .ARM.Collect$$libshutdown$$00000000      0x000002e8   Section        2  libshutdown.o(.ARM.Collect$$libshutdown$$00000000)
    .ARM.Collect$$libshutdown$$00000003      0x000002ea   Section        0  libshutdown2.o(.ARM.Collect$$libshutdown$$00000003)
    .ARM.Collect$$libshutdown$$00000006      0x000002ea   Section        0  libshutdown2.o(.ARM.Collect$$libshutdown$$00000006)
    .ARM.Collect$$libshutdown$$00000009      0x000002ea   Section        0  libshutdown2.o(.ARM.Collect$$libshutdown$$00000009)
    .ARM.Collect$$libshutdown$$0000000B      0x000002ea   Section        0  libshutdown2.o(.ARM.Collect$$libshutdown$$0000000B)
    .ARM.Collect$$libshutdown$$0000000E      0x000002ea   Section        0  libshutdown2.o(.ARM.Collect$$libshutdown$$0000000E)
    .ARM.Collect$$libshutdown$$0000000F      0x000002ea   Section        2  libshutdown2.o(.ARM.Collect$$libshutdown$$0000000F)
    .ARM.Collect$$rtentry$$00000000          0x000002ec   Section        0  rtentry.o(.ARM.Collect$$rtentry$$00000000)
    .ARM.Collect$$rtentry$$00000002          0x000002ec   Section        0  rtentry2.o(.ARM.Collect$$rtentry$$00000002)
    .ARM.Collect$$rtentry$$00000004          0x000002ec   Section        6  rtentry4.o(.ARM.Collect$$rtentry$$00000004)
    .ARM.Collect$$rtentry$$00000009          0x000002f2   Section        0  rtentry2.o(.ARM.Collect$$rtentry$$00000009)
    .ARM.Collect$$rtentry$$0000000A          0x000002f2   Section        4  rtentry2.o(.ARM.Collect$$rtentry$$0000000A)
    .ARM.Collect$$rtentry$$0000000C          0x000002f6   Section        0  rtentry2.o(.ARM.Collect$$rtentry$$0000000C)
    .ARM.Collect$$rtentry$$0000000D          0x000002f6   Section        8  rtentry2.o(.ARM.Collect$$rtentry$$0000000D)
    .ARM.Collect$$rtexit$$00000000           0x000002fe   Section        2  rtexit.o(.ARM.Collect$$rtexit$$00000000)
    .ARM.Collect$$rtexit$$00000002           0x00000300   Section        0  rtexit2.o(.ARM.Collect$$rtexit$$00000002)
    .ARM.Collect$$rtexit$$00000003           0x00000300   Section        4  rtexit2.o(.ARM.Collect$$rtexit$$00000003)
    .ARM.Collect$$rtexit$$00000004           0x00000304   Section        6  rtexit2.o(.ARM.Collect$$rtexit$$00000004)
    .text                                    0x0000030a   Section        0  clcd_program.o(.text)
    .text                                    0x000004a8   Section        0  gpio_program.o(.text)
    GPIO_StdErrorPortDigitalEnable           0x000004a9   Thumb Code    66  gpio_program.o(.text)
    GPIO_StdErrorPortCommit                  0x000004eb   Thumb Code    66  gpio_program.o(.text)
    GPIO_StdErrorPortUnlock                  0x0000052d   Thumb Code    86  gpio_program.o(.text)
    .text                                    0x00000a3c   Section        0  led_program.o(.text)
    .text                                    0x00000b48   Section        0  main.o(.text)
    .text                                    0x00000c54   Section        0  systick_program.o(.text)
    .text                                    0x00000d20   Section        0  uart_program.o(.text)
    UART_StdErrorRcc                         0x00000d21   Thumb Code   716  uart_program.o(.text)
    .text                                    0x000011d4   Section        0  system_tm4c123.o(.text)
    getOscClk                                0x000011d5   Thumb Code   182  system_tm4c123.o(.text)
    .text                                    0x00001420   Section      276  startup_tm4c123.o(.text)
    $v0                                      0x00001420   Number         0  startup_tm4c123.o(.text)
    .text                                    0x00001534   Section       78  rt_memclr_w.o(.text)
    .text                                    0x00001582   Section        0  heapauxi.o(.text)
    .text                                    0x00001588   Section       74  sys_stackheap_outer.o(.text)
    .text                                    0x000015d2   Section        0  exit.o(.text)
    .text                                    0x000015e0   Section        8  libspace.o(.text)
    .text                                    0x000015e8   Section        0  sys_exit.o(.text)
    .text                                    0x000015f4   Section        2  use_no_semi.o(.text)
    .text                                    0x000015f6   Section        0  indicate_semi.o(.text)
    x$fpl$d2f                                0x000015f8   Section       98  d2f.o(x$fpl$d2f)
    $v0                                      0x000015f8   Number         0  d2f.o(x$fpl$d2f)
    x$fpl$dadd                               0x0000165c   Section      336  daddsub_clz.o(x$fpl$dadd)
    $v0                                      0x0000165c   Number         0  daddsub_clz.o(x$fpl$dadd)
    _dadd1                                   0x0000166d   Thumb Code     0  daddsub_clz.o(x$fpl$dadd)
    x$fpl$ddiv                               0x000017ac   Section      688  ddiv.o(x$fpl$ddiv)
    $v0                                      0x000017ac   Number         0  ddiv.o(x$fpl$ddiv)
    ddiv_entry                               0x000017b3   Thumb Code     0  ddiv.o(x$fpl$ddiv)
    x$fpl$dfixu                              0x00001a5c   Section       90  dfixu.o(x$fpl$dfixu)
    $v0                                      0x00001a5c   Number         0  dfixu.o(x$fpl$dfixu)
    x$fpl$dfltu                              0x00001ab6   Section       38  dflt_clz.o(x$fpl$dfltu)
    $v0                                      0x00001ab6   Number         0  dflt_clz.o(x$fpl$dfltu)
    x$fpl$dnaninf                            0x00001adc   Section      156  dnaninf.o(x$fpl$dnaninf)
    $v0                                      0x00001adc   Number         0  dnaninf.o(x$fpl$dnaninf)
    x$fpl$dretinf                            0x00001b78   Section       12  dretinf.o(x$fpl$dretinf)
    $v0                                      0x00001b78   Number         0  dretinf.o(x$fpl$dretinf)
    x$fpl$dsub                               0x00001b84   Section      468  daddsub_clz.o(x$fpl$dsub)
    $v0                                      0x00001b84   Number         0  daddsub_clz.o(x$fpl$dsub)
    _dsub1                                   0x00001b95   Thumb Code     0  daddsub_clz.o(x$fpl$dsub)
    x$fpl$f2d                                0x00001d58   Section       86  f2d.o(x$fpl$f2d)
    $v0                                      0x00001d58   Number         0  f2d.o(x$fpl$f2d)
    x$fpl$fnaninf                            0x00001dae   Section      140  fnaninf.o(x$fpl$fnaninf)
    $v0                                      0x00001dae   Number         0  fnaninf.o(x$fpl$fnaninf)
    x$fpl$fpinit                             0x00001e3a   Section       10  fpinit.o(x$fpl$fpinit)
    $v0                                      0x00001e3a   Number         0  fpinit.o(x$fpl$fpinit)
    x$fpl$fretinf                            0x00001e44   Section       10  fretinf.o(x$fpl$fretinf)
    $v0                                      0x00001e44   Number         0  fretinf.o(x$fpl$fretinf)
    x$fpl$usenofp                            0x00001e4e   Section        0  usenofp.o(x$fpl$usenofp)
    .data                                    0x20000000   Section        4  system_tm4c123.o(.data)
    .bss                                     0x20000004   Section       96  libspace.o(.bss)
    HEAP                                     0x20000068   Section        0  startup_tm4c123.o(HEAP)
    STACK                                    0x20000068   Section      512  startup_tm4c123.o(STACK)
    Heap_Mem                                 0x20000068   Data           0  startup_tm4c123.o(HEAP)
    Stack_Mem                                0x20000068   Data         512  startup_tm4c123.o(STACK)
    __initial_sp                             0x20000268   Data           0  startup_tm4c123.o(STACK)

    Global Symbols

    Symbol Name                              Value     Ov Type        Size  Object(Section)

    BuildAttributes$$THM_ISAv4$E$P$D$K$B$S$7EM$VFPi3$EXTD16$VFPS$VFMA$PE$A:L22UL41UL21$X:L11$S22US41US21$IEEE1$IW$USESV6$~STKCKD$USESV7$~SHL$OSPACE$ROPI$EBA8$UX$STANDARDLIB$REQ8$PRES8$EABIv2 0x00000000   Number         0  anon$$obj.o ABSOLUTE
    __ARM_use_no_argv                        0x00000000   Number         0  main.o ABSOLUTE
    __Vectors                                0x00000000   Data           4  startup_tm4c123.o(RESET)
    __ARM_exceptions_init                     - Undefined Weak Reference
    __alloca_initialize                       - Undefined Weak Reference
    __cpp_initialize__aeabi_                  - Undefined Weak Reference
    __cxa_finalize                            - Undefined Weak Reference
    __rt_locale                               - Undefined Weak Reference
    __sigvec_lookup                           - Undefined Weak Reference
    _atexit_init                              - Undefined Weak Reference
    _call_atexit_fns                          - Undefined Weak Reference
    _clock_init                               - Undefined Weak Reference
    _fp_trap_init                             - Undefined Weak Reference
    _fp_trap_shutdown                         - Undefined Weak Reference
    _get_lc_collate                           - Undefined Weak Reference
    _get_lc_ctype                             - Undefined Weak Reference
    _get_lc_monetary                          - Undefined Weak Reference
    _get_lc_numeric                           - Undefined Weak Reference
    _get_lc_time                              - Undefined Weak Reference
    _getenv_init                              - Undefined Weak Reference
    _handle_redirection                       - Undefined Weak Reference
    _init_alloc                               - Undefined Weak Reference
    _init_user_alloc                          - Undefined Weak Reference
    _initio                                   - Undefined Weak Reference
    _rand_init                                - Undefined Weak Reference
    _signal_finish                            - Undefined Weak Reference
    _signal_init                              - Undefined Weak Reference
    _terminate_alloc                          - Undefined Weak Reference
    _terminate_user_alloc                     - Undefined Weak Reference
    _terminateio                              - Undefined Weak Reference
    __Vectors_End                            0x0000026c   Data           0  startup_tm4c123.o(RESET)
    __Vectors_Size                           0x0000026c   Number         0  startup_tm4c123.o ABSOLUTE
    __main                                   0x0000026d   Thumb Code     8  __main.o(!!!main)
    __scatterload                            0x00000275   Thumb Code     0  __scatter.o(!!!scatter)
    __scatterload_rt2                        0x00000275   Thumb Code    44  __scatter.o(!!!scatter)
    __scatterload_rt2_thumb_only             0x00000275   Thumb Code     0  __scatter.o(!!!scatter)
    __scatterload_null                       0x00000283   Thumb Code     0  __scatter.o(!!!scatter)
    __scatterload_copy                       0x000002a9   Thumb Code    26  __scatter_copy.o(!!handler_copy)
    __scatterload_zeroinit                   0x000002c5   Thumb Code    28  __scatter_zi.o(!!handler_zi)
    __rt_lib_init                            0x000002e1   Thumb Code     0  libinit.o(.ARM.Collect$$libinit$$00000000)
    __rt_lib_init_fp_1                       0x000002e3   Thumb Code     0  libinit2.o(.ARM.Collect$$libinit$$00000001)
    __rt_lib_init_alloca_1                   0x000002e7   Thumb Code     0  libinit2.o(.ARM.Collect$$libinit$$0000002C)
    __rt_lib_init_argv_1                     0x000002e7   Thumb Code     0  libinit2.o(.ARM.Collect$$libinit$$0000002A)
    __rt_lib_init_atexit_1                   0x000002e7   Thumb Code     0  libinit2.o(.ARM.Collect$$libinit$$00000019)
    __rt_lib_init_clock_1                    0x000002e7   Thumb Code     0  libinit2.o(.ARM.Collect$$libinit$$0000001F)
    __rt_lib_init_cpp_1                      0x000002e7   Thumb Code     0  libinit2.o(.ARM.Collect$$libinit$$00000030)
    __rt_lib_init_exceptions_1               0x000002e7   Thumb Code     0  libinit2.o(.ARM.Collect$$libinit$$0000002E)
    __rt_lib_init_fp_trap_1                  0x000002e7   Thumb Code     0  libinit2.o(.ARM.Collect$$libinit$$0000001D)
    __rt_lib_init_getenv_1                   0x000002e7   Thumb Code     0  libinit2.o(.ARM.Collect$$libinit$$00000021)
    __rt_lib_init_heap_1                     0x000002e7   Thumb Code     0  libinit2.o(.ARM.Collect$$libinit$$00000008)
    __rt_lib_init_lc_collate_1               0x000002e7   Thumb Code     0  libinit2.o(.ARM.Collect$$libinit$$0000000F)
    __rt_lib_init_lc_ctype_1                 0x000002e7   Thumb Code     0  libinit2.o(.ARM.Collect$$libinit$$00000011)
    __rt_lib_init_lc_monetary_1              0x000002e7   Thumb Code     0  libinit2.o(.ARM.Collect$$libinit$$00000013)
    __rt_lib_init_lc_numeric_1               0x000002e7   Thumb Code     0  libinit2.o(.ARM.Collect$$libinit$$00000015)
    __rt_lib_init_lc_time_1                  0x000002e7   Thumb Code     0  libinit2.o(.ARM.Collect$$libinit$$00000017)
    __rt_lib_init_rand_1                     0x000002e7   Thumb Code     0  libinit2.o(.ARM.Collect$$libinit$$0000000C)
    __rt_lib_init_return                     0x000002e7   Thumb Code     0  libinit2.o(.ARM.Collect$$libinit$$00000031)
    __rt_lib_init_signal_1                   0x000002e7   Thumb Code     0  libinit2.o(.ARM.Collect$$libinit$$0000001B)
    __rt_lib_init_stdio_1                    0x000002e7   Thumb Code     0  libinit2.o(.ARM.Collect$$libinit$$00000023)
    __rt_lib_init_user_alloc_1               0x000002e7   Thumb Code     0  libinit2.o(.ARM.Collect$$libinit$$0000000A)
    __rt_lib_shutdown                        0x000002e9   Thumb Code     0  libshutdown.o(.ARM.Collect$$libshutdown$$00000000)
    __rt_lib_shutdown_fp_trap_1              0x000002eb   Thumb Code     0  libshutdown2.o(.ARM.Collect$$libshutdown$$00000006)
    __rt_lib_shutdown_heap_1                 0x000002eb   Thumb Code     0  libshutdown2.o(.ARM.Collect$$libshutdown$$0000000E)
    __rt_lib_shutdown_return                 0x000002eb   Thumb Code     0  libshutdown2.o(.ARM.Collect$$libshutdown$$0000000F)
    __rt_lib_shutdown_signal_1               0x000002eb   Thumb Code     0  libshutdown2.o(.ARM.Collect$$libshutdown$$00000009)
    __rt_lib_shutdown_stdio_1                0x000002eb   Thumb Code     0  libshutdown2.o(.ARM.Collect$$libshutdown$$00000003)
    __rt_lib_shutdown_user_alloc_1           0x000002eb   Thumb Code     0  libshutdown2.o(.ARM.Collect$$libshutdown$$0000000B)
    __rt_entry                               0x000002ed   Thumb Code     0  rtentry.o(.ARM.Collect$$rtentry$$00000000)
    __rt_entry_presh_1                       0x000002ed   Thumb Code     0  rtentry2.o(.ARM.Collect$$rtentry$$00000002)
    __rt_entry_sh                            0x000002ed   Thumb Code     0  rtentry4.o(.ARM.Collect$$rtentry$$00000004)
    __rt_entry_li                            0x000002f3   Thumb Code     0  rtentry2.o(.ARM.Collect$$rtentry$$0000000A)
    __rt_entry_postsh_1                      0x000002f3   Thumb Code     0  rtentry2.o(.ARM.Collect$$rtentry$$00000009)
    __rt_entry_main                          0x000002f7   Thumb Code     0  rtentry2.o(.ARM.Collect$$rtentry$$0000000D)
    __rt_entry_postli_1                      0x000002f7   Thumb Code     0  rtentry2.o(.ARM.Collect$$rtentry$$0000000C)
    __rt_exit                                0x000002ff   Thumb Code     0  rtexit.o(.ARM.Collect$$rtexit$$00000000)
    __rt_exit_ls                             0x00000301   Thumb Code     0  rtexit2.o(.ARM.Collect$$rtexit$$00000003)
    __rt_exit_prels_1                        0x00000301   Thumb Code     0  rtexit2.o(.ARM.Collect$$rtexit$$00000002)
    __rt_exit_exit                           0x00000305   Thumb Code     0  rtexit2.o(.ARM.Collect$$rtexit$$00000004)
    CLCD_StdErrorDataPinssendCommand         0x0000030b   Thumb Code    72  clcd_program.o(.text)
    CLCD_StdErrorDataPinsInit                0x00000353   Thumb Code    96  clcd_program.o(.text)
    CLCD_StdErrorSendData                    0x000003b3   Thumb Code    72  clcd_program.o(.text)
    CLCD_voidDataSendString                  0x000003fb   Thumb Code    26  clcd_program.o(.text)
    CLCD_voidDataSetCursor                   0x00000415   Thumb Code    42  clcd_program.o(.text)
    CLCD_VoidClearDisplay                    0x0000043f   Thumb Code    16  clcd_program.o(.text)
    CLCD_VoidSendNum                         0x0000044f   Thumb Code    90  clcd_program.o(.text)
    GPIO_StdErrorInit                        0x00000583   Thumb Code   134  gpio_program.o(.text)
    GPIO_StdErrorSetPinDir                   0x00000609   Thumb Code   114  gpio_program.o(.text)
    GPIO_StdErrorSetPortDir                  0x0000067b   Thumb Code    66  gpio_program.o(.text)
    GPIO_StdErrorWritePin                    0x000006bd   Thumb Code   106  gpio_program.o(.text)
    GPIO_StdErrorReadPin                     0x00000727   Thumb Code    84  gpio_program.o(.text)
    GPIO_StdErrorWritePort                   0x0000077b   Thumb Code    64  gpio_program.o(.text)
    GPIO_StdErrorReadPort                    0x000007bb   Thumb Code    70  gpio_program.o(.text)
    GPIO_StdErrorSetPinAlternateFunction     0x00000801   Thumb Code   196  gpio_program.o(.text)
    GPIO_StdErrorPinAnalogModeSelect         0x000008c5   Thumb Code   110  gpio_program.o(.text)
    GPIO_StdErrorSetPinPadConfig             0x00000933   Thumb Code   246  gpio_program.o(.text)
    LED_VoidInitInternalLeds                 0x00000a3d   Thumb Code    70  led_program.o(.text)
    LED_StdErrorSetInternalLedValue          0x00000a83   Thumb Code    72  led_program.o(.text)
    LED_voidInitExternalLed                  0x00000acb   Thumb Code    34  led_program.o(.text)
    LED_voidTurnOnLed                        0x00000aed   Thumb Code    18  led_program.o(.text)
    LED_voidTurnOffLed                       0x00000aff   Thumb Code    18  led_program.o(.text)
    LED_voidToggleExternalLed                0x00000b11   Thumb Code    54  led_program.o(.text)
    TurnOffAllLeds                           0x00000b49   Thumb Code    28  main.o(.text)
    main                                     0x00000b65   Thumb Code   222  main.o(.text)
    Systick_StdErrorDelayInTicks             0x00000c55   Thumb Code    42  systick_program.o(.text)
    Systick_StdErrorDelayIn_ms               0x00000c7f   Thumb Code    46  systick_program.o(.text)
    Systick_VoidReset                        0x00000cad   Thumb Code    24  systick_program.o(.text)
    Systick_u32GetRemainingCounts            0x00000cc5   Thumb Code     8  systick_program.o(.text)
    Systick_StdErrorDelayIn_us               0x00000ccd   Thumb Code    76  systick_program.o(.text)
    UART_StdErrorInit                        0x00000fed   Thumb Code   438  uart_program.o(.text)
    UART_StdErrorSendByte                    0x000011a3   Thumb Code    24  uart_program.o(.text)
    UART_StdErrorReceiveByte                 0x000011bb   Thumb Code    26  uart_program.o(.text)
    SystemCoreClockUpdate                    0x0000128b   Thumb Code   182  system_tm4c123.o(.text)
    SystemInit                               0x00001341   Thumb Code   112  system_tm4c123.o(.text)
    Reset_Handler                            0x00001421   Thumb Code     8  startup_tm4c123.o(.text)
    NMI_Handler                              0x00001429   Thumb Code     2  startup_tm4c123.o(.text)
    HardFault_Handler                        0x0000142b   Thumb Code     2  startup_tm4c123.o(.text)
    MemManage_Handler                        0x0000142d   Thumb Code     2  startup_tm4c123.o(.text)
    BusFault_Handler                         0x0000142f   Thumb Code     2  startup_tm4c123.o(.text)
    UsageFault_Handler                       0x00001431   Thumb Code     2  startup_tm4c123.o(.text)
    SVC_Handler                              0x00001433   Thumb Code     2  startup_tm4c123.o(.text)
    DebugMon_Handler                         0x00001435   Thumb Code     2  startup_tm4c123.o(.text)
    PendSV_Handler                           0x00001437   Thumb Code     2  startup_tm4c123.o(.text)
    SysTick_Handler                          0x00001439   Thumb Code     2  startup_tm4c123.o(.text)
    GPIOA_Handler                            0x0000143b   Thumb Code     2  startup_tm4c123.o(.text)
    GPIOB_Handler                            0x0000143d   Thumb Code     2  startup_tm4c123.o(.text)
    GPIOC_Handler                            0x0000143f   Thumb Code     2  startup_tm4c123.o(.text)
    GPIOD_Handler                            0x00001441   Thumb Code     2  startup_tm4c123.o(.text)
    GPIOE_Handler                            0x00001443   Thumb Code     2  startup_tm4c123.o(.text)
    UART0_Handler                            0x00001445   Thumb Code     2  startup_tm4c123.o(.text)
    UART1_Handler                            0x00001447   Thumb Code     2  startup_tm4c123.o(.text)
    SSI0_Handler                             0x00001449   Thumb Code     2  startup_tm4c123.o(.text)
    I2C0_Handler                             0x0000144b   Thumb Code     2  startup_tm4c123.o(.text)
    PMW0_FAULT_Handler                       0x0000144d   Thumb Code     2  startup_tm4c123.o(.text)
    PWM0_0_Handler                           0x0000144f   Thumb Code     2  startup_tm4c123.o(.text)
    PWM0_1_Handler                           0x00001451   Thumb Code     2  startup_tm4c123.o(.text)
    PWM0_2_Handler                           0x00001453   Thumb Code     2  startup_tm4c123.o(.text)
    QEI0_Handler                             0x00001455   Thumb Code     2  startup_tm4c123.o(.text)
    ADC0SS0_Handler                          0x00001457   Thumb Code     2  startup_tm4c123.o(.text)
    ADC0SS1_Handler                          0x00001459   Thumb Code     2  startup_tm4c123.o(.text)
    ADC0SS2_Handler                          0x0000145b   Thumb Code     2  startup_tm4c123.o(.text)
    ADC0SS3_Handler                          0x0000145d   Thumb Code     2  startup_tm4c123.o(.text)
    WDT0_Handler                             0x0000145f   Thumb Code     2  startup_tm4c123.o(.text)
    TIMER0A_Handler                          0x00001461   Thumb Code     2  startup_tm4c123.o(.text)
    TIMER0B_Handler                          0x00001463   Thumb Code     2  startup_tm4c123.o(.text)
    TIMER1A_Handler                          0x00001465   Thumb Code     2  startup_tm4c123.o(.text)
    TIMER1B_Handler                          0x00001467   Thumb Code     2  startup_tm4c123.o(.text)
    TIMER2A_Handler                          0x00001469   Thumb Code     2  startup_tm4c123.o(.text)
    TIMER2B_Handler                          0x0000146b   Thumb Code     2  startup_tm4c123.o(.text)
    COMP0_Handler                            0x0000146d   Thumb Code     2  startup_tm4c123.o(.text)
    COMP1_Handler                            0x0000146f   Thumb Code     2  startup_tm4c123.o(.text)
    COMP2_Handler                            0x00001471   Thumb Code     2  startup_tm4c123.o(.text)
    SYSCTL_Handler                           0x00001473   Thumb Code     2  startup_tm4c123.o(.text)
    FLASH_Handler                            0x00001475   Thumb Code     2  startup_tm4c123.o(.text)
    GPIOF_Handler                            0x00001477   Thumb Code     2  startup_tm4c123.o(.text)
    GPIOG_Handler                            0x00001479   Thumb Code     2  startup_tm4c123.o(.text)
    GPIOH_Handler                            0x0000147b   Thumb Code     2  startup_tm4c123.o(.text)
    UART2_Handler                            0x0000147d   Thumb Code     2  startup_tm4c123.o(.text)
    SSI1_Handler                             0x0000147f   Thumb Code     2  startup_tm4c123.o(.text)
    TIMER3A_Handler                          0x00001481   Thumb Code     2  startup_tm4c123.o(.text)
    TIMER3B_Handler                          0x00001483   Thumb Code     2  startup_tm4c123.o(.text)
    I2C1_Handler                             0x00001485   Thumb Code     2  startup_tm4c123.o(.text)
    QEI1_Handler                             0x00001487   Thumb Code     2  startup_tm4c123.o(.text)
    CAN0_Handler                             0x00001489   Thumb Code     2  startup_tm4c123.o(.text)
    CAN1_Handler                             0x0000148b   Thumb Code     2  startup_tm4c123.o(.text)
    CAN2_Handler                             0x0000148d   Thumb Code     2  startup_tm4c123.o(.text)
    HIB_Handler                              0x0000148f   Thumb Code     2  startup_tm4c123.o(.text)
    USB0_Handler                             0x00001491   Thumb Code     2  startup_tm4c123.o(.text)
    PWM0_3_Handler                           0x00001493   Thumb Code     2  startup_tm4c123.o(.text)
    UDMA_Handler                             0x00001495   Thumb Code     2  startup_tm4c123.o(.text)
    UDMAERR_Handler                          0x00001497   Thumb Code     2  startup_tm4c123.o(.text)
    ADC1SS0_Handler                          0x00001499   Thumb Code     2  startup_tm4c123.o(.text)
    ADC1SS1_Handler                          0x0000149b   Thumb Code     2  startup_tm4c123.o(.text)
    ADC1SS2_Handler                          0x0000149d   Thumb Code     2  startup_tm4c123.o(.text)
    ADC1SS3_Handler                          0x0000149f   Thumb Code     2  startup_tm4c123.o(.text)
    GPIOJ_Handler                            0x000014a1   Thumb Code     2  startup_tm4c123.o(.text)
    GPIOK_Handler                            0x000014a3   Thumb Code     2  startup_tm4c123.o(.text)
    GPIOL_Handler                            0x000014a5   Thumb Code     2  startup_tm4c123.o(.text)
    SSI2_Handler                             0x000014a7   Thumb Code     2  startup_tm4c123.o(.text)
    SSI3_Handler                             0x000014a9   Thumb Code     2  startup_tm4c123.o(.text)
    UART3_Handler                            0x000014ab   Thumb Code     2  startup_tm4c123.o(.text)
    UART4_Handler                            0x000014ad   Thumb Code     2  startup_tm4c123.o(.text)
    UART5_Handler                            0x000014af   Thumb Code     2  startup_tm4c123.o(.text)
    UART6_Handler                            0x000014b1   Thumb Code     2  startup_tm4c123.o(.text)
    UART7_Handler                            0x000014b3   Thumb Code     2  startup_tm4c123.o(.text)
    I2C2_Handler                             0x000014b5   Thumb Code     2  startup_tm4c123.o(.text)
    I2C3_Handler                             0x000014b7   Thumb Code     2  startup_tm4c123.o(.text)
    TIMER4A_Handler                          0x000014b9   Thumb Code     2  startup_tm4c123.o(.text)
    TIMER4B_Handler                          0x000014bb   Thumb Code     2  startup_tm4c123.o(.text)
    TIMER5A_Handler                          0x000014bd   Thumb Code     2  startup_tm4c123.o(.text)
    TIMER5B_Handler                          0x000014bf   Thumb Code     2  startup_tm4c123.o(.text)
    WTIMER0A_Handler                         0x000014c1   Thumb Code     2  startup_tm4c123.o(.text)
    WTIMER0B_Handler                         0x000014c3   Thumb Code     2  startup_tm4c123.o(.text)
    WTIMER1A_Handler                         0x000014c5   Thumb Code     2  startup_tm4c123.o(.text)
    WTIMER1B_Handler                         0x000014c7   Thumb Code     2  startup_tm4c123.o(.text)
    WTIMER2A_Handler                         0x000014c9   Thumb Code     2  startup_tm4c123.o(.text)
    WTIMER2B_Handler                         0x000014cb   Thumb Code     2  startup_tm4c123.o(.text)
    WTIMER3A_Handler                         0x000014cd   Thumb Code     2  startup_tm4c123.o(.text)
    WTIMER3B_Handler                         0x000014cf   Thumb Code     2  startup_tm4c123.o(.text)
    WTIMER4A_Handler                         0x000014d1   Thumb Code     2  startup_tm4c123.o(.text)
    WTIMER4B_Handler                         0x000014d3   Thumb Code     2  startup_tm4c123.o(.text)
    WTIMER5A_Handler                         0x000014d5   Thumb Code     2  startup_tm4c123.o(.text)
    WTIMER5B_Handler                         0x000014d7   Thumb Code     2  startup_tm4c123.o(.text)
    FPU_Handler                              0x000014d9   Thumb Code     2  startup_tm4c123.o(.text)
    I2C4_Handler                             0x000014db   Thumb Code     2  startup_tm4c123.o(.text)
    I2C5_Handler                             0x000014dd   Thumb Code     2  startup_tm4c123.o(.text)
    GPIOM_Handler                            0x000014df   Thumb Code     2  startup_tm4c123.o(.text)
    GPION_Handler                            0x000014e1   Thumb Code     2  startup_tm4c123.o(.text)
    QEI2_Handler                             0x000014e3   Thumb Code     2  startup_tm4c123.o(.text)
    GPIOP0_Handler                           0x000014e5   Thumb Code     2  startup_tm4c123.o(.text)
    GPIOP1_Handler                           0x000014e7   Thumb Code     2  startup_tm4c123.o(.text)
    GPIOP2_Handler                           0x000014e9   Thumb Code     2  startup_tm4c123.o(.text)
    GPIOP3_Handler                           0x000014eb   Thumb Code     2  startup_tm4c123.o(.text)
    GPIOP4_Handler                           0x000014ed   Thumb Code     2  startup_tm4c123.o(.text)
    GPIOP5_Handler                           0x000014ef   Thumb Code     2  startup_tm4c123.o(.text)
    GPIOP6_Handler                           0x000014f1   Thumb Code     2  startup_tm4c123.o(.text)
    GPIOP7_Handler                           0x000014f3   Thumb Code     2  startup_tm4c123.o(.text)
    GPIOQ0_Handler                           0x000014f5   Thumb Code     2  startup_tm4c123.o(.text)
    GPIOQ1_Handler                           0x000014f7   Thumb Code     2  startup_tm4c123.o(.text)
    GPIOQ2_Handler                           0x000014f9   Thumb Code     2  startup_tm4c123.o(.text)
    GPIOQ3_Handler                           0x000014fb   Thumb Code     2  startup_tm4c123.o(.text)
    GPIOQ4_Handler                           0x000014fd   Thumb Code     2  startup_tm4c123.o(.text)
    GPIOQ5_Handler                           0x000014ff   Thumb Code     2  startup_tm4c123.o(.text)
    GPIOQ6_Handler                           0x00001501   Thumb Code     2  startup_tm4c123.o(.text)
    GPIOQ7_Handler                           0x00001503   Thumb Code     2  startup_tm4c123.o(.text)
    GPIOR_Handler                            0x00001505   Thumb Code     2  startup_tm4c123.o(.text)
    GPIOS_Handler                            0x00001507   Thumb Code     2  startup_tm4c123.o(.text)
    PMW1_0_Handler                           0x00001509   Thumb Code     2  startup_tm4c123.o(.text)
    PWM1_1_Handler                           0x0000150b   Thumb Code     2  startup_tm4c123.o(.text)
    PWM1_2_Handler                           0x0000150d   Thumb Code     2  startup_tm4c123.o(.text)
    PWM1_3_Handler                           0x0000150f   Thumb Code     2  startup_tm4c123.o(.text)
    PWM1_FAULT_Handler                       0x00001511   Thumb Code     2  startup_tm4c123.o(.text)
    __user_initial_stackheap                 0x00001515   Thumb Code     0  startup_tm4c123.o(.text)
    __aeabi_memclr4                          0x00001535   Thumb Code     0  rt_memclr_w.o(.text)
    __aeabi_memclr8                          0x00001535   Thumb Code     0  rt_memclr_w.o(.text)
    __rt_memclr_w                            0x00001535   Thumb Code    78  rt_memclr_w.o(.text)
    _memset_w                                0x00001539   Thumb Code     0  rt_memclr_w.o(.text)
    __use_two_region_memory                  0x00001583   Thumb Code     2  heapauxi.o(.text)
    __rt_heap_escrow$2region                 0x00001585   Thumb Code     2  heapauxi.o(.text)
    __rt_heap_expand$2region                 0x00001587   Thumb Code     2  heapauxi.o(.text)
    __user_setup_stackheap                   0x00001589   Thumb Code    74  sys_stackheap_outer.o(.text)
    exit                                     0x000015d3   Thumb Code    12  exit.o(.text)
    __user_libspace                          0x000015e1   Thumb Code     8  libspace.o(.text)
    __user_perproc_libspace                  0x000015e1   Thumb Code     0  libspace.o(.text)
    __user_perthread_libspace                0x000015e1   Thumb Code     0  libspace.o(.text)
    _sys_exit                                0x000015e9   Thumb Code     8  sys_exit.o(.text)
    __I$use$semihosting                      0x000015f5   Thumb Code     0  use_no_semi.o(.text)
    __use_no_semihosting_swi                 0x000015f5   Thumb Code     2  use_no_semi.o(.text)
    __semihosting_library_function           0x000015f7   Thumb Code     0  indicate_semi.o(.text)
    __aeabi_d2f                              0x000015f9   Thumb Code     0  d2f.o(x$fpl$d2f)
    _d2f                                     0x000015f9   Thumb Code    98  d2f.o(x$fpl$d2f)
    __aeabi_dadd                             0x0000165d   Thumb Code     0  daddsub_clz.o(x$fpl$dadd)
    _dadd                                    0x0000165d   Thumb Code   332  daddsub_clz.o(x$fpl$dadd)
    __aeabi_ddiv                             0x000017ad   Thumb Code     0  ddiv.o(x$fpl$ddiv)
    _ddiv                                    0x000017ad   Thumb Code   552  ddiv.o(x$fpl$ddiv)
    __aeabi_d2uiz                            0x00001a5d   Thumb Code     0  dfixu.o(x$fpl$dfixu)
    _dfixu                                   0x00001a5d   Thumb Code    90  dfixu.o(x$fpl$dfixu)
    __aeabi_ui2d                             0x00001ab7   Thumb Code     0  dflt_clz.o(x$fpl$dfltu)
    _dfltu                                   0x00001ab7   Thumb Code    38  dflt_clz.o(x$fpl$dfltu)
    __fpl_dnaninf                            0x00001add   Thumb Code   156  dnaninf.o(x$fpl$dnaninf)
    __fpl_dretinf                            0x00001b79   Thumb Code    12  dretinf.o(x$fpl$dretinf)
    __aeabi_dsub                             0x00001b85   Thumb Code     0  daddsub_clz.o(x$fpl$dsub)
    _dsub                                    0x00001b85   Thumb Code   464  daddsub_clz.o(x$fpl$dsub)
    __aeabi_f2d                              0x00001d59   Thumb Code     0  f2d.o(x$fpl$f2d)
    _f2d                                     0x00001d59   Thumb Code    86  f2d.o(x$fpl$f2d)
    __fpl_fnaninf                            0x00001daf   Thumb Code   140  fnaninf.o(x$fpl$fnaninf)
    _fp_init                                 0x00001e3b   Thumb Code    10  fpinit.o(x$fpl$fpinit)
    __fplib_config_fpu_vfp                   0x00001e43   Thumb Code     0  fpinit.o(x$fpl$fpinit)
    __fplib_config_pureend_doubles           0x00001e43   Thumb Code     0  fpinit.o(x$fpl$fpinit)
    __fpl_fretinf                            0x00001e45   Thumb Code    10  fretinf.o(x$fpl$fretinf)
    __I$use$fp                               0x00001e4e   Number         0  usenofp.o(x$fpl$usenofp)
    Region$$Table$$Base                      0x00001e50   Number         0  anon$$obj.o(Region$$Table)
    Region$$Table$$Limit                     0x00001e70   Number         0  anon$$obj.o(Region$$Table)
    SystemCoreClock                          0x20000000   Data           4  system_tm4c123.o(.data)
    __libspace_start                         0x20000004   Data          96  libspace.o(.bss)
    __temporary_stack_top$libspace           0x20000064   Data           0  libspace.o(.bss)



==============================================================================

Memory Map of the image

  Image Entry point : 0x00001421

  Load Region LR_1 (Base: 0x00000000, Size: 0x00001e74, Max: 0xffffffff, ABSOLUTE)

    Execution Region ER_RO (Base: 0x00000000, Size: 0x00001e70, Max: 0xffffffff, ABSOLUTE)

    Base Addr    Size         Type   Attr      Idx    E Section Name        Object

    0x00000000   0x0000026c   Data   RO          202    RESET               startup_tm4c123.o
    0x0000026c   0x00000008   Code   RO          213  * !!!main             c_w.l(__main.o)
    0x00000274   0x00000034   Code   RO          400    !!!scatter          c_w.l(__scatter.o)
    0x000002a8   0x0000001a   Code   RO          402    !!handler_copy      c_w.l(__scatter_copy.o)
    0x000002c2   0x00000002   PAD
    0x000002c4   0x0000001c   Code   RO          404    !!handler_zi        c_w.l(__scatter_zi.o)
    0x000002e0   0x00000002   Code   RO          273    .ARM.Collect$$libinit$$00000000  c_w.l(libinit.o)
    0x000002e2   0x00000004   Code   RO          279    .ARM.Collect$$libinit$$00000001  c_w.l(libinit2.o)
    0x000002e6   0x00000000   Code   RO          283    .ARM.Collect$$libinit$$00000008  c_w.l(libinit2.o)
    0x000002e6   0x00000000   Code   RO          285    .ARM.Collect$$libinit$$0000000A  c_w.l(libinit2.o)
    0x000002e6   0x00000000   Code   RO          287    .ARM.Collect$$libinit$$0000000C  c_w.l(libinit2.o)
    0x000002e6   0x00000000   Code   RO          290    .ARM.Collect$$libinit$$0000000F  c_w.l(libinit2.o)
    0x000002e6   0x00000000   Code   RO          292    .ARM.Collect$$libinit$$00000011  c_w.l(libinit2.o)
    0x000002e6   0x00000000   Code   RO          294    .ARM.Collect$$libinit$$00000013  c_w.l(libinit2.o)
    0x000002e6   0x00000000   Code   RO          296    .ARM.Collect$$libinit$$00000015  c_w.l(libinit2.o)
    0x000002e6   0x00000000   Code   RO          298    .ARM.Collect$$libinit$$00000017  c_w.l(libinit2.o)
    0x000002e6   0x00000000   Code   RO          300    .ARM.Collect$$libinit$$00000019  c_w.l(libinit2.o)
    0x000002e6   0x00000000   Code   RO          302    .ARM.Collect$$libinit$$0000001B  c_w.l(libinit2.o)
    0x000002e6   0x00000000   Code   RO          304    .ARM.Collect$$libinit$$0000001D  c_w.l(libinit2.o)
    0x000002e6   0x00000000   Code   RO          306    .ARM.Collect$$libinit$$0000001F  c_w.l(libinit2.o)
    0x000002e6   0x00000000   Code   RO          308    .ARM.Collect$$libinit$$00000021  c_w.l(libinit2.o)
    0x000002e6   0x00000000   Code   RO          310    .ARM.Collect$$libinit$$00000023  c_w.l(libinit2.o)
    0x000002e6   0x00000000   Code   RO          314    .ARM.Collect$$libinit$$0000002A  c_w.l(libinit2.o)
    0x000002e6   0x00000000   Code   RO          316    .ARM.Collect$$libinit$$0000002C  c_w.l(libinit2.o)
    0x000002e6   0x00000000   Code   RO          318    .ARM.Collect$$libinit$$0000002E  c_w.l(libinit2.o)
    0x000002e6   0x00000000   Code   RO          320    .ARM.Collect$$libinit$$00000030  c_w.l(libinit2.o)
    0x000002e6   0x00000002   Code   RO          321    .ARM.Collect$$libinit$$00000031  c_w.l(libinit2.o)
    0x000002e8   0x00000002   Code   RO          341    .ARM.Collect$$libshutdown$$00000000  c_w.l(libshutdown.o)
    0x000002ea   0x00000000   Code   RO          355    .ARM.Collect$$libshutdown$$00000003  c_w.l(libshutdown2.o)
    0x000002ea   0x00000000   Code   RO          358    .ARM.Collect$$libshutdown$$00000006  c_w.l(libshutdown2.o)
    0x000002ea   0x00000000   Code   RO          361    .ARM.Collect$$libshutdown$$00000009  c_w.l(libshutdown2.o)
    0x000002ea   0x00000000   Code   RO          363    .ARM.Collect$$libshutdown$$0000000B  c_w.l(libshutdown2.o)
    0x000002ea   0x00000000   Code   RO          366    .ARM.Collect$$libshutdown$$0000000E  c_w.l(libshutdown2.o)
    0x000002ea   0x00000002   Code   RO          367    .ARM.Collect$$libshutdown$$0000000F  c_w.l(libshutdown2.o)
    0x000002ec   0x00000000   Code   RO          239    .ARM.Collect$$rtentry$$00000000  c_w.l(rtentry.o)
    0x000002ec   0x00000000   Code   RO          250    .ARM.Collect$$rtentry$$00000002  c_w.l(rtentry2.o)
    0x000002ec   0x00000006   Code   RO          262    .ARM.Collect$$rtentry$$00000004  c_w.l(rtentry4.o)
    0x000002f2   0x00000000   Code   RO          252    .ARM.Collect$$rtentry$$00000009  c_w.l(rtentry2.o)
    0x000002f2   0x00000004   Code   RO          253    .ARM.Collect$$rtentry$$0000000A  c_w.l(rtentry2.o)
    0x000002f6   0x00000000   Code   RO          255    .ARM.Collect$$rtentry$$0000000C  c_w.l(rtentry2.o)
    0x000002f6   0x00000008   Code   RO          256    .ARM.Collect$$rtentry$$0000000D  c_w.l(rtentry2.o)
    0x000002fe   0x00000002   Code   RO          277    .ARM.Collect$$rtexit$$00000000  c_w.l(rtexit.o)
    0x00000300   0x00000000   Code   RO          323    .ARM.Collect$$rtexit$$00000002  c_w.l(rtexit2.o)
    0x00000300   0x00000004   Code   RO          324    .ARM.Collect$$rtexit$$00000003  c_w.l(rtexit2.o)
    0x00000304   0x00000006   Code   RO          325    .ARM.Collect$$rtexit$$00000004  c_w.l(rtexit2.o)
    0x0000030a   0x0000019e   Code   RO            1    .text               clcd_program.o
    0x000004a8   0x00000594   Code   RO           48    .text               gpio_program.o
    0x00000a3c   0x0000010a   Code   RO           60    .text               led_program.o
    0x00000b46   0x00000002   PAD
    0x00000b48   0x0000010c   Code   RO           84    .text               main.o
    0x00000c54   0x000000cc   Code   RO          127    .text               systick_program.o
    0x00000d20   0x000004b4   Code   RO          139    .text               uart_program.o
    0x000011d4   0x0000024c   Code   RO          153    .text               system_tm4c123.o
    0x00001420   0x00000114   Code   RO          203  * .text               startup_tm4c123.o
    0x00001534   0x0000004e   Code   RO          209    .text               c_w.l(rt_memclr_w.o)
    0x00001582   0x00000006   Code   RO          211    .text               c_w.l(heapauxi.o)
    0x00001588   0x0000004a   Code   RO          264    .text               c_w.l(sys_stackheap_outer.o)
    0x000015d2   0x0000000c   Code   RO          266    .text               c_w.l(exit.o)
    0x000015de   0x00000002   PAD
    0x000015e0   0x00000008   Code   RO          274    .text               c_w.l(libspace.o)
    0x000015e8   0x0000000c   Code   RO          333    .text               c_w.l(sys_exit.o)
    0x000015f4   0x00000002   Code   RO          344    .text               c_w.l(use_no_semi.o)
    0x000015f6   0x00000000   Code   RO          346    .text               c_w.l(indicate_semi.o)
    0x000015f6   0x00000002   PAD
    0x000015f8   0x00000062   Code   RO          215    x$fpl$d2f           fz_wm.l(d2f.o)
    0x0000165a   0x00000002   PAD
    0x0000165c   0x00000150   Code   RO          217    x$fpl$dadd          fz_wm.l(daddsub_clz.o)
    0x000017ac   0x000002b0   Code   RO          224    x$fpl$ddiv          fz_wm.l(ddiv.o)
    0x00001a5c   0x0000005a   Code   RO          227    x$fpl$dfixu         fz_wm.l(dfixu.o)
    0x00001ab6   0x00000026   Code   RO          231    x$fpl$dfltu         fz_wm.l(dflt_clz.o)
    0x00001adc   0x0000009c   Code   RO          240    x$fpl$dnaninf       fz_wm.l(dnaninf.o)
    0x00001b78   0x0000000c   Code   RO          242    x$fpl$dretinf       fz_wm.l(dretinf.o)
    0x00001b84   0x000001d4   Code   RO          219    x$fpl$dsub          fz_wm.l(daddsub_clz.o)
    0x00001d58   0x00000056   Code   RO          237    x$fpl$f2d           fz_wm.l(f2d.o)
    0x00001dae   0x0000008c   Code   RO          244    x$fpl$fnaninf       fz_wm.l(fnaninf.o)
    0x00001e3a   0x0000000a   Code   RO          331    x$fpl$fpinit        fz_wm.l(fpinit.o)
    0x00001e44   0x0000000a   Code   RO          246    x$fpl$fretinf       fz_wm.l(fretinf.o)
    0x00001e4e   0x00000000   Code   RO          248    x$fpl$usenofp       fz_wm.l(usenofp.o)
    0x00001e4e   0x00000002   PAD
    0x00001e50   0x00000020   Data   RO          398    Region$$Table       anon$$obj.o


    Execution Region ER_RW (Base: 0x20000000, Size: 0x00000004, Max: 0xffffffff, ABSOLUTE)

    Base Addr    Size         Type   Attr      Idx    E Section Name        Object

    0x20000000   0x00000004   Data   RW          154    .data               system_tm4c123.o


    Execution Region ER_ZI (Base: 0x20000004, Size: 0x00000264, Max: 0xffffffff, ABSOLUTE)

    Base Addr    Size         Type   Attr      Idx    E Section Name        Object

    0x20000004   0x00000060   Zero   RW          275    .bss                c_w.l(libspace.o)
    0x20000064   0x00000004   PAD
    0x20000068   0x00000000   Zero   RW          201    HEAP                startup_tm4c123.o
    0x20000068   0x00000200   Zero   RW          200    STACK               startup_tm4c123.o


==============================================================================

Image component sizes


      Code (inc. data)   RO Data    RW Data    ZI Data      Debug   Object Name

       414          0          0          0          0       5717   clcd_program.o
      1428        130          0          0          0       7026   gpio_program.o
       266          0          0          0          0       1814   led_program.o
       268         18          0          0          0       1634   main.o
       276         24        620          0        512       5380   startup_tm4c123.o
       588        136          0          4          0       4225   system_tm4c123.o
       204          8          0          0          0       1681   systick_program.o
      1204         56          0          0          0       2415   uart_program.o

    ----------------------------------------------------------------------
      4650        372        652          4        512      29892   Object Totals
         0          0         32          0          0          0   (incl. Generated)
         2          0          0          0          0          0   (incl. Padding)

    ----------------------------------------------------------------------

      Code (inc. data)   RO Data    RW Data    ZI Data      Debug   Library Member Name

         8          0          0          0          0         68   __main.o
        52          8          0          0          0          0   __scatter.o
        26          0          0          0          0          0   __scatter_copy.o
        28          0          0          0          0          0   __scatter_zi.o
        12          0          0          0          0         72   exit.o
         6          0          0          0          0        152   heapauxi.o
         0          0          0          0          0          0   indicate_semi.o
         2          0          0          0          0          0   libinit.o
         6          0          0          0          0          0   libinit2.o
         2          0          0          0          0          0   libshutdown.o
         2          0          0          0          0          0   libshutdown2.o
         8          4          0          0         96         68   libspace.o
        78          0          0          0          0         80   rt_memclr_w.o
         0          0          0          0          0          0   rtentry.o
        12          0          0          0          0          0   rtentry2.o
         6          0          0          0          0          0   rtentry4.o
         2          0          0          0          0          0   rtexit.o
        10          0          0          0          0          0   rtexit2.o
        12          4          0          0          0         68   sys_exit.o
        74          0          0          0          0         80   sys_stackheap_outer.o
         2          0          0          0          0         68   use_no_semi.o
        98          4          0          0          0        140   d2f.o
       804         16          0          0          0        368   daddsub_clz.o
       688        140          0          0          0        256   ddiv.o
        90          4          0          0          0        140   dfixu.o
        38          0          0          0          0        116   dflt_clz.o
       156          4          0          0          0        140   dnaninf.o
        12          0          0          0          0        116   dretinf.o
        86          4          0          0          0        132   f2d.o
       140          4          0          0          0        132   fnaninf.o
        10          0          0          0          0        116   fpinit.o
        10          0          0          0          0        116   fretinf.o
         0          0          0          0          0          0   usenofp.o

    ----------------------------------------------------------------------
      2490        192          0          0        100       2428   Library Totals
        10          0          0          0          4          0   (incl. Padding)

    ----------------------------------------------------------------------

      Code (inc. data)   RO Data    RW Data    ZI Data      Debug   Library Name

       348         16          0          0         96        656   c_w.l
      2132        176          0          0          0       1772   fz_wm.l

    ----------------------------------------------------------------------
      2490        192          0          0        100       2428   Library Totals

    ----------------------------------------------------------------------

==============================================================================


      Code (inc. data)   RO Data    RW Data    ZI Data      Debug   

      7140        564        652          4        612      30108   Grand Totals
      7140        564        652          4        612      30108   ELF Image Totals
      7140        564        652          4          0          0   ROM Totals

==============================================================================

    Total RO  Size (Code + RO Data)                 7792 (   7.61kB)
    Total RW  Size (RW Data + ZI Data)               616 (   0.60kB)
    Total ROM Size (Code + RO Data + RW Data)       7796 (   7.61kB)

==============================================================================

